[32m2026-09-07 04:06:15 +0100[0m - dagster - [34mDEBUG[0m - portability_job - 4d0b5dac-50a5-45e1-b310-7ba647322114 - 87599 - LOGS_CAPTURED - Capturing logs for process (pid: 87599).
[32m2026-09-07 04:06:15 +0100[0m - dagster - [34mDEBUG[0m - portability_job - 4d0b5dac-50a5-45e1-b310-7ba647322114 - 87599 - save_assets - STEP_START - Started execution of step "save_assets".
[32m2026-09-07 04:06:15 +0100[0m - dagster - [34mDEBUG[0m - portability_job - 4d0b5dac-50a5-45e1-b310-7ba647322114 - save_assets - Loading file from: /Users/michaelsigamani/Documents/DevelopmentCode/2026-spring/cross-oem-mooncake-finetuning/storage/4d0b5dac-50a5-45e1-b310-7ba647322114/settings_op/result using PickledObjectFilesystemIOManager...
[32m2026-09-07 04:06:15 +0100[0m - dagster - [34mDEBUG[0m - portability_job - 4d0b5dac-50a5-45e1-b310-7ba647322114 - 87599 - save_assets - LOADED_INPUT - Loaded input "settings" using input manager "io_manager", from output "result" of step "settings_op"
[32m2026-09-07 04:06:15 +0100[0m - dagster - [34mDEBUG[0m - portability_job - 4d0b5dac-50a5-45e1-b310-7ba647322114 - 87599 - save_assets - STEP_INPUT - Got input "settings" of type "PortabilitySettings". (Type check passed).
[32m2026-09-07 04:06:16 +0100[0m - dagster - [34mDEBUG[0m - portability_job - 4d0b5dac-50a5-45e1-b310-7ba647322114 - 87599 - save_assets - ASSET_MATERIALIZATION - Data asset copied from NVIDIA host to local artifacts.
[32m2026-09-07 04:06:16 +0100[0m - dagster - [34mDEBUG[0m - portability_job - 4d0b5dac-50a5-45e1-b310-7ba647322114 - 87599 - save_assets - ASSET_MATERIALIZATION - Data asset copied from NVIDIA host to local artifacts.
[32m2026-09-07 04:06:16 +0100[0m - dagster - [34mDEBUG[0m - portability_job - 4d0b5dac-50a5-45e1-b310-7ba647322114 - 87599 - save_assets - ASSET_MATERIALIZATION - Data asset copied from NVIDIA host to local artifacts.
[32m2026-09-07 04:06:17 +0100[0m - dagster - [34mDEBUG[0m - portability_job - 4d0b5dac-50a5-45e1-b310-7ba647322114 - 87599 - save_assets - ASSET_MATERIALIZATION - Data asset copied from NVIDIA host to local artifacts.
[32m2026-09-07 04:06:17 +0100[0m - dagster - [34mDEBUG[0m - portability_job - 4d0b5dac-50a5-45e1-b310-7ba647322114 - 87599 - save_assets - ASSET_MATERIALIZATION - Data asset copied from NVIDIA host to local artifacts.
[32m2026-09-07 04:06:18 +0100[0m - dagster - [34mDEBUG[0m - portability_job - 4d0b5dac-50a5-45e1-b310-7ba647322114 - 87599 - save_assets - ASSET_MATERIALIZATION - Data asset copied from NVIDIA host to local artifacts.
[32m2026-09-07 04:06:19 +0100[0m - dagster - [34mDEBUG[0m - portability_job - 4d0b5dac-50a5-45e1-b310-7ba647322114 - 87599 - save_assets - ASSET_MATERIALIZATION - Data asset copied from NVIDIA host to local artifacts.
[32m2026-09-07 04:06:19 +0100[0m - dagster - [34mDEBUG[0m - portability_job - 4d0b5dac-50a5-45e1-b310-7ba647322114 - 87599 - save_assets - ASSET_MATERIALIZATION - Data asset copied from NVIDIA host to local artifacts.
[32m2026-09-07 04:06:20 +0100[0m - dagster - [34mDEBUG[0m - portability_job - 4d0b5dac-50a5-45e1-b310-7ba647322114 - 87599 - save_assets - ASSET_MATERIALIZATION - Data asset copied from NVIDIA host to local artifacts.
[32m2026-09-07 04:06:20 +0100[0m - dagster - [34mDEBUG[0m - portability_job - 4d0b5dac-50a5-45e1-b310-7ba647322114 - 87599 - save_assets - ASSET_MATERIALIZATION - Data asset copied from NVIDIA host to local artifacts.
[32m2026-09-07 04:06:21 +0100[0m - dagster - [34mDEBUG[0m - portability_job - 4d0b5dac-50a5-45e1-b310-7ba647322114 - 87599 - save_assets - ASSET_MATERIALIZATION - Data asset copied from NVIDIA host to local artifacts.
[32m2026-09-07 04:06:21 +0100[0m - dagster - [34mDEBUG[0m - portability_job - 4d0b5dac-50a5-45e1-b310-7ba647322114 - 87599 - save_assets - ASSET_MATERIALIZATION - Data asset copied from NVIDIA host to local artifacts.
[32m2026-09-07 04:06:21 +0100[0m - dagster - [34mDEBUG[0m - portability_job - 4d0b5dac-50a5-45e1-b310-7ba647322114 - 87599 - save_assets - ASSET_MATERIALIZATION - Manifest of all assets persisted from NVIDIA to local artifacts.
[32m2026-09-07 04:06:21 +0100[0m - dagster - [34mDEBUG[0m - portability_job - 4d0b5dac-50a5-45e1-b310-7ba647322114 - 87599 - save_assets - STEP_OUTPUT - Yielded output "result" of type "Nothing". (Type check passed).
[32m2026-09-07 04:06:21 +0100[0m - dagster - [34mDEBUG[0m - portability_job - 4d0b5dac-50a5-45e1-b310-7ba647322114 - 87599 - save_assets - STEP_SUCCESS - Finished execution of step "save_assets" in 6.43s.
