[32m2026-09-07 15:02:11 +0100[0m - dagster - [34mDEBUG[0m - finetuning_sequential_job - d5eabd17-8562-46c7-802a-2ef6ac7cca17 - 23854 - LOGS_CAPTURED - Capturing logs for process (pid: 23854).
[32m2026-09-07 15:02:11 +0100[0m - dagster - [34mDEBUG[0m - finetuning_sequential_job - d5eabd17-8562-46c7-802a-2ef6ac7cca17 - 23854 - save_assets - STEP_START - Started execution of step "save_assets".
[32m2026-09-07 15:02:11 +0100[0m - dagster - [34mDEBUG[0m - finetuning_sequential_job - d5eabd17-8562-46c7-802a-2ef6ac7cca17 - save_assets - Loading file from: /Users/michaelsigamani/Documents/DevelopmentCode/2026-spring/cross-oem-mooncake-finetuning/storage/d5eabd17-8562-46c7-802a-2ef6ac7cca17/settings_op/result using PickledObjectFilesystemIOManager...
[32m2026-09-07 15:02:11 +0100[0m - dagster - [34mDEBUG[0m - finetuning_sequential_job - d5eabd17-8562-46c7-802a-2ef6ac7cca17 - 23854 - save_assets - LOADED_INPUT - Loaded input "settings" using input manager "io_manager", from output "result" of step "settings_op"
[32m2026-09-07 15:02:11 +0100[0m - dagster - [34mDEBUG[0m - finetuning_sequential_job - d5eabd17-8562-46c7-802a-2ef6ac7cca17 - 23854 - save_assets - STEP_INPUT - Got input "settings" of type "PortabilitySettings". (Type check passed).
[32m2026-09-07 15:02:14 +0100[0m - dagster - [34mDEBUG[0m - finetuning_sequential_job - d5eabd17-8562-46c7-802a-2ef6ac7cca17 - 23854 - save_assets - ASSET_MATERIALIZATION - Data asset copied from NVIDIA host to local artifacts.
[32m2026-09-07 15:02:15 +0100[0m - dagster - [34mDEBUG[0m - finetuning_sequential_job - d5eabd17-8562-46c7-802a-2ef6ac7cca17 - 23854 - save_assets - ASSET_MATERIALIZATION - Data asset copied from NVIDIA host to local artifacts.
[32m2026-09-07 15:02:16 +0100[0m - dagster - [34mDEBUG[0m - finetuning_sequential_job - d5eabd17-8562-46c7-802a-2ef6ac7cca17 - 23854 - save_assets - ASSET_MATERIALIZATION - Data asset copied from NVIDIA host to local artifacts.
[32m2026-09-07 15:02:17 +0100[0m - dagster - [34mDEBUG[0m - finetuning_sequential_job - d5eabd17-8562-46c7-802a-2ef6ac7cca17 - 23854 - save_assets - ASSET_MATERIALIZATION - Data asset copied from NVIDIA host to local artifacts.
[32m2026-09-07 15:02:20 +0100[0m - dagster - [34mDEBUG[0m - finetuning_sequential_job - d5eabd17-8562-46c7-802a-2ef6ac7cca17 - 23854 - save_assets - ASSET_MATERIALIZATION - Data asset copied from NVIDIA host to local artifacts.
[32m2026-09-07 15:02:23 +0100[0m - dagster - [34mDEBUG[0m - finetuning_sequential_job - d5eabd17-8562-46c7-802a-2ef6ac7cca17 - 23854 - save_assets - ASSET_MATERIALIZATION - Data asset copied from NVIDIA host to local artifacts.
[32m2026-09-07 15:02:26 +0100[0m - dagster - [34mDEBUG[0m - finetuning_sequential_job - d5eabd17-8562-46c7-802a-2ef6ac7cca17 - 23854 - save_assets - ASSET_MATERIALIZATION - Data asset copied from NVIDIA host to local artifacts.
[32m2026-09-07 15:02:27 +0100[0m - dagster - [34mDEBUG[0m - finetuning_sequential_job - d5eabd17-8562-46c7-802a-2ef6ac7cca17 - 23854 - save_assets - ASSET_MATERIALIZATION - Data asset copied from NVIDIA host to local artifacts.
[32m2026-09-07 15:02:30 +0100[0m - dagster - [34mDEBUG[0m - finetuning_sequential_job - d5eabd17-8562-46c7-802a-2ef6ac7cca17 - 23854 - save_assets - ASSET_MATERIALIZATION - Data asset copied from NVIDIA host to local artifacts.
[32m2026-09-07 15:02:33 +0100[0m - dagster - [34mDEBUG[0m - finetuning_sequential_job - d5eabd17-8562-46c7-802a-2ef6ac7cca17 - 23854 - save_assets - ASSET_MATERIALIZATION - Data asset copied from NVIDIA host to local artifacts.
[32m2026-09-07 15:02:36 +0100[0m - dagster - [34mDEBUG[0m - finetuning_sequential_job - d5eabd17-8562-46c7-802a-2ef6ac7cca17 - 23854 - save_assets - ASSET_MATERIALIZATION - Data asset copied from NVIDIA host to local artifacts.
[32m2026-09-07 15:02:39 +0100[0m - dagster - [34mDEBUG[0m - finetuning_sequential_job - d5eabd17-8562-46c7-802a-2ef6ac7cca17 - 23854 - save_assets - ASSET_MATERIALIZATION - Data asset copied from NVIDIA host to local artifacts.
[32m2026-09-07 15:02:39 +0100[0m - dagster - [34mDEBUG[0m - finetuning_sequential_job - d5eabd17-8562-46c7-802a-2ef6ac7cca17 - 23854 - save_assets - ASSET_MATERIALIZATION - Manifest of all assets persisted from NVIDIA to local artifacts.
[32m2026-09-07 15:02:39 +0100[0m - dagster - [34mDEBUG[0m - finetuning_sequential_job - d5eabd17-8562-46c7-802a-2ef6ac7cca17 - 23854 - save_assets - STEP_OUTPUT - Yielded output "result" of type "Nothing". (Type check passed).
[32m2026-09-07 15:02:39 +0100[0m - dagster - [34mDEBUG[0m - finetuning_sequential_job - d5eabd17-8562-46c7-802a-2ef6ac7cca17 - 23854 - save_assets - STEP_SUCCESS - Finished execution of step "save_assets" in 27.8s.
