2026-09-07 11:06:27 +0100 - dagster - DEBUG - finetuning_sequential_job - 40dcf862-dcfc-44ab-91f7-4b9281c21995 - 13116 - LOGS_CAPTURED - Capturing logs for process (pid: 13116).
2026-09-07 11:06:27 +0100 - dagster - DEBUG - finetuning_sequential_job - 40dcf862-dcfc-44ab-91f7-4b9281c21995 - 13116 - save_assets - STEP_START - Started execution of step "save_assets".
2026-09-07 11:06:27 +0100 - dagster - DEBUG - finetuning_sequential_job - 40dcf862-dcfc-44ab-91f7-4b9281c21995 - save_assets - Loading file from: /Users/michaelsigamani/Documents/DevelopmentCode/2026-spring/cross-oem-mooncake-finetuning/storage/40dcf862-dcfc-44ab-91f7-4b9281c21995/settings_op/result using PickledObjectFilesystemIOManager...
2026-09-07 11:06:27 +0100 - dagster - DEBUG - finetuning_sequential_job - 40dcf862-dcfc-44ab-91f7-4b9281c21995 - 13116 - save_assets - LOADED_INPUT - Loaded input "settings" using input manager "io_manager", from output "result" of step "settings_op"
2026-09-07 11:06:27 +0100 - dagster - DEBUG - finetuning_sequential_job - 40dcf862-dcfc-44ab-91f7-4b9281c21995 - 13116 - save_assets - STEP_INPUT - Got input "settings" of type "PortabilitySettings". (Type check passed).
2026-09-07 11:06:29 +0100 - dagster - DEBUG - finetuning_sequential_job - 40dcf862-dcfc-44ab-91f7-4b9281c21995 - 13116 - save_assets - ASSET_MATERIALIZATION - Data asset copied from NVIDIA host to local artifacts.
2026-09-07 11:06:29 +0100 - dagster - DEBUG - finetuning_sequential_job - 40dcf862-dcfc-44ab-91f7-4b9281c21995 - 13116 - save_assets - ASSET_MATERIALIZATION - Data asset copied from NVIDIA host to local artifacts.
2026-09-07 11:06:29 +0100 - dagster - DEBUG - finetuning_sequential_job - 40dcf862-dcfc-44ab-91f7-4b9281c21995 - 13116 - save_assets - ASSET_MATERIALIZATION - Data asset copied from NVIDIA host to local artifacts.
2026-09-07 11:06:30 +0100 - dagster - DEBUG - finetuning_sequential_job - 40dcf862-dcfc-44ab-91f7-4b9281c21995 - 13116 - save_assets - ASSET_MATERIALIZATION - Data asset copied from NVIDIA host to local artifacts.
2026-09-07 11:06:31 +0100 - dagster - DEBUG - finetuning_sequential_job - 40dcf862-dcfc-44ab-91f7-4b9281c21995 - 13116 - save_assets - ASSET_MATERIALIZATION - Data asset copied from NVIDIA host to local artifacts.
2026-09-07 11:06:31 +0100 - dagster - DEBUG - finetuning_sequential_job - 40dcf862-dcfc-44ab-91f7-4b9281c21995 - 13116 - save_assets - ASSET_MATERIALIZATION - Data asset copied from NVIDIA host to local artifacts.
2026-09-07 11:06:32 +0100 - dagster - DEBUG - finetuning_sequential_job - 40dcf862-dcfc-44ab-91f7-4b9281c21995 - 13116 - save_assets - ASSET_MATERIALIZATION - Data asset copied from NVIDIA host to local artifacts.
2026-09-07 11:06:32 +0100 - dagster - DEBUG - finetuning_sequential_job - 40dcf862-dcfc-44ab-91f7-4b9281c21995 - 13116 - save_assets - ASSET_MATERIALIZATION - Data asset copied from NVIDIA host to local artifacts.
2026-09-07 11:06:33 +0100 - dagster - DEBUG - finetuning_sequential_job - 40dcf862-dcfc-44ab-91f7-4b9281c21995 - 13116 - save_assets - ASSET_MATERIALIZATION - Data asset copied from NVIDIA host to local artifacts.
2026-09-07 11:06:34 +0100 - dagster - DEBUG - finetuning_sequential_job - 40dcf862-dcfc-44ab-91f7-4b9281c21995 - 13116 - save_assets - ASSET_MATERIALIZATION - Data asset copied from NVIDIA host to local artifacts.
2026-09-07 11:06:34 +0100 - dagster - DEBUG - finetuning_sequential_job - 40dcf862-dcfc-44ab-91f7-4b9281c21995 - 13116 - save_assets - ASSET_MATERIALIZATION - Data asset copied from NVIDIA host to local artifacts.
2026-09-07 11:06:35 +0100 - dagster - DEBUG - finetuning_sequential_job - 40dcf862-dcfc-44ab-91f7-4b9281c21995 - 13116 - save_assets - ASSET_MATERIALIZATION - Data asset copied from NVIDIA host to local artifacts.
2026-09-07 11:06:35 +0100 - dagster - DEBUG - finetuning_sequential_job - 40dcf862-dcfc-44ab-91f7-4b9281c21995 - 13116 - save_assets - ASSET_MATERIALIZATION - Manifest of all assets persisted from NVIDIA to local artifacts.
2026-09-07 11:06:35 +0100 - dagster - DEBUG - finetuning_sequential_job - 40dcf862-dcfc-44ab-91f7-4b9281c21995 - 13116 - save_assets - STEP_OUTPUT - Yielded output "result" of type "Nothing". (Type check passed).
2026-09-07 11:06:35 +0100 - dagster - DEBUG - finetuning_sequential_job - 40dcf862-dcfc-44ab-91f7-4b9281c21995 - 13116 - save_assets - STEP_SUCCESS - Finished execution of step "save_assets" in 8.11s.
