2026-09-07 10:59:33 +0100 - dagster - DEBUG - finetuning_sequential_job - e4b72391-1f49-4307-9eda-b8d0c8a8d008 - 12011 - LOGS_CAPTURED - Capturing logs for process (pid: 12011).
2026-09-07 10:59:33 +0100 - dagster - DEBUG - finetuning_sequential_job - e4b72391-1f49-4307-9eda-b8d0c8a8d008 - 12011 - preflight_torch_transformers - STEP_START - Started execution of step "preflight_torch_transformers".
2026-09-07 10:59:33 +0100 - dagster - DEBUG - finetuning_sequential_job - e4b72391-1f49-4307-9eda-b8d0c8a8d008 - preflight_torch_transformers - Loading file from: /Users/michaelsigamani/Documents/DevelopmentCode/2026-spring/cross-oem-mooncake-finetuning/storage/e4b72391-1f49-4307-9eda-b8d0c8a8d008/settings_op/result using PickledObjectFilesystemIOManager...
2026-09-07 10:59:33 +0100 - dagster - DEBUG - finetuning_sequential_job - e4b72391-1f49-4307-9eda-b8d0c8a8d008 - 12011 - preflight_torch_transformers - LOADED_INPUT - Loaded input "settings" using input manager "io_manager", from output "result" of step "settings_op"
2026-09-07 10:59:33 +0100 - dagster - DEBUG - finetuning_sequential_job - e4b72391-1f49-4307-9eda-b8d0c8a8d008 - 12011 - preflight_torch_transformers - STEP_INPUT - Got input "settings" of type "PortabilitySettings". (Type check passed).
2026-09-07 10:59:39 +0100 - dagster - WARNING - finetuning_sequential_job - e4b72391-1f49-4307-9eda-b8d0c8a8d008 - preflight_torch_transformers - Optional preflight probe failed on host=michael@odyn-dgx3: Preflight probe failed on host=michael@odyn-dgx3 (exit=1). Verification command: /usr/bin/python3.12 -c 'import json,re,subprocess,torch;run=lambda cmd: subprocess.run(cmd, check=False, text=True, capture_output=True).stdout;roc=run(['"'"'rocminfo'"'"']);gfx=re.search(r'"'"'(gfx[0-9a-zA-Z]+)'"'"', roc);nvs=run(['"'"'nvidia-smi'"'"','"'"'--query-gpu=compute_cap'"'"','"'"'--format=csv,noheader'"'"']);cc=re.search(r'"'"'(\d+)\.(\d+)'"'"', nvs);runtime=(gfx.group(1) if gfx else ('"'"'sm_%s%s'"'"' % (cc.group(1), cc.group(2)) if cc else '"'"''"'"'));runtime=runtime.split('"'"':'"'"', 1)[0];arches=[];
try:
 arches=[str(x) for x in torch.cuda.get_arch_list()]
except Exception:
 arches=[]

if (not runtime):

 try:

  if torch.cuda.is_available():

   prop=torch.cuda.get_device_properties(0);
   gcn=str(getattr(prop, '"'"'gcnArchName'"'"', '"'"''"'"')).split('"'"':'"'"', 1)[0];
   cap=getattr(torch.cuda, '"'"'get_device_capability'"'"', lambda *_: (0, 0))(0);
   runtime=gcn or ('"'"'sm_%s%s'"'"' % (cap[0], cap[1]) if cap != (0, 0) else '"'"''"'"');
 except Exception:

  runtime='"'"''"'"'
print(json.dumps({'"'"'runtime_gpu_arch'"'"': runtime, '"'"'torch_arch_list'"'"': arches}))'. stdout: [empty]. stderr: Traceback (most recent call last):
  File "<string>", line 1, in <module>
  File "<string>", line 1, in <lambda>
  File "/usr/lib/python3.12/subprocess.py", line 548, in run
    with Popen(*popenargs, **kwargs) as process:
         ^^^^^^^^^^^^^^^^^^^^^^^^^^^
  File "/usr/lib/python3.12/subprocess.py", line 1026, in __init__
    self._execute_child(args, executable, preexec_fn, close_fds,
  File "/usr/lib/python3.12/subprocess.py", line 1955, in _execute_child
    raise child_exception_type(errno_num, err_msg, err_filename)
FileNotFoundError: [Errno 2] No such file or directory: 'rocminfo'
2026-09-07 10:59:39 +0100 - dagster - DEBUG - finetuning_sequential_job - e4b72391-1f49-4307-9eda-b8d0c8a8d008 - 12011 - preflight_torch_transformers - ASSET_MATERIALIZATION - Preflight torch/transformers compatibility verified on source and target hosts.
2026-09-07 10:59:39 +0100 - dagster - DEBUG - finetuning_sequential_job - e4b72391-1f49-4307-9eda-b8d0c8a8d008 - 12011 - preflight_torch_transformers - STEP_OUTPUT - Yielded output "result" of type "Nothing". (Type check passed).
2026-09-07 10:59:39 +0100 - dagster - DEBUG - finetuning_sequential_job - e4b72391-1f49-4307-9eda-b8d0c8a8d008 - 12011 - preflight_torch_transformers - STEP_SUCCESS - Finished execution of step "preflight_torch_transformers" in 6.42s.
