2026-09-07T09:58:28Z START command
host=michael@odyn-radeon2
command=sshpass -e ssh -o IdentitiesOnly=yes -o BatchMode=no -o ConnectTimeout=15 -o ServerAliveInterval=15 -o ServerAliveCountMax=8 -o PreferredAuthentications=publickey,password,keyboard-interactive -o NumberOfPasswordPrompts=1 michael@odyn-radeon2 'mkdir -p ~/cross-vendor-mooncake-test'
timeout_seconds=600.0
2026-09-07T09:58:29Z END command
duration=0.384
returncode=0
2026-09-07T09:58:29Z START command
host=michael@odyn-dgx3
command=sshpass -e ssh -o IdentitiesOnly=yes -o BatchMode=no -o ConnectTimeout=15 -o ServerAliveInterval=15 -o ServerAliveCountMax=8 -o PreferredAuthentications=publickey,password,keyboard-interactive -o NumberOfPasswordPrompts=1 michael@odyn-dgx3 'mkdir -p ~/cross-vendor-mooncake-test'
timeout_seconds=600.0
2026-09-07T09:58:29Z END command
duration=0.184
returncode=0
2026-09-07T09:58:29Z START command
host=runpod-mi300x-michael
command=sshpass -e ssh -o IdentitiesOnly=yes -o BatchMode=no -o ConnectTimeout=15 -o ServerAliveInterval=15 -o ServerAliveCountMax=8 -o PreferredAuthentications=publickey,password,keyboard-interactive -o NumberOfPasswordPrompts=1 runpod-mi300x-michael 'mkdir -p ~/cross-vendor-mooncake-test'
timeout_seconds=600.0
2026-09-07T09:58:30Z END command
duration=0.786
returncode=0
