2026-09-07 10:59:48 +0100 - dagster - DEBUG - finetuning_sequential_job - e4b72391-1f49-4307-9eda-b8d0c8a8d008 - 12054 - LOGS_CAPTURED - Capturing logs for process (pid: 12054).
2026-09-07 10:59:48 +0100 - dagster - DEBUG - finetuning_sequential_job - e4b72391-1f49-4307-9eda-b8d0c8a8d008 - 12054 - copy_checkpoint - STEP_START - Started execution of step "copy_checkpoint".
2026-09-07 10:59:48 +0100 - dagster - DEBUG - finetuning_sequential_job - e4b72391-1f49-4307-9eda-b8d0c8a8d008 - copy_checkpoint - Loading file from: /Users/michaelsigamani/Documents/DevelopmentCode/2026-spring/cross-oem-mooncake-finetuning/storage/e4b72391-1f49-4307-9eda-b8d0c8a8d008/settings_op/result using PickledObjectFilesystemIOManager...
2026-09-07 10:59:48 +0100 - dagster - DEBUG - finetuning_sequential_job - e4b72391-1f49-4307-9eda-b8d0c8a8d008 - 12054 - copy_checkpoint - LOADED_INPUT - Loaded input "settings" using input manager "io_manager", from output "result" of step "settings_op"
2026-09-07 10:59:48 +0100 - dagster - DEBUG - finetuning_sequential_job - e4b72391-1f49-4307-9eda-b8d0c8a8d008 - 12054 - copy_checkpoint - STEP_INPUT - Got input "settings" of type "PortabilitySettings". (Type check passed).
2026-09-07 10:59:59 +0100 - dagster - ERROR - finetuning_sequential_job - e4b72391-1f49-4307-9eda-b8d0c8a8d008 - 12054 - copy_checkpoint - STEP_FAILURE - Execution of step "copy_checkpoint" failed.

dagster._core.errors.DagsterExecutionStepExecutionError: Error occurred while executing op "copy_checkpoint"::

RuntimeError: checkpoint transfer failed via backend=scp: {'checksum_ok': False, 'mismatches': [{'relative_path': '.mooncake_transfer_state.json', 'error': 'unexpected'}], 'file_count': 12, 'total_bytes': 18039874}

Stack Trace:
  File "/Users/michaelsigamani/Documents/DevelopmentCode/2026-spring/cross-oem-mooncake-finetuning/.venv/lib/python3.12/site-packages/dagster/_core/execution/plan/utils.py", line 57, in op_execution_error_boundary
    yield
  File "/Users/michaelsigamani/Documents/DevelopmentCode/2026-spring/cross-oem-mooncake-finetuning/.venv/lib/python3.12/site-packages/dagster/_utils/__init__.py", line 394, in iterate_with_context
    next_output = next(iterator)
                  ^^^^^^^^^^^^^^
  File "/Users/michaelsigamani/Documents/DevelopmentCode/2026-spring/cross-oem-mooncake-finetuning/.venv/lib/python3.12/site-packages/dagster/_core/execution/plan/compute_generator.py", line 136, in _coerce_op_compute_fn_to_iterator
    result = invoke_compute_fn(
             ^^^^^^^^^^^^^^^^^^
  File "/Users/michaelsigamani/Documents/DevelopmentCode/2026-spring/cross-oem-mooncake-finetuning/.venv/lib/python3.12/site-packages/dagster/_core/execution/plan/compute_generator.py", line 116, in invoke_compute_fn
    return fn(context, **args_to_pass) if context_arg_provided else fn(**args_to_pass)
           ^^^^^^^^^^^^^^^^^^^^^^^^^^^
  File "/Users/michaelsigamani/Documents/DevelopmentCode/2026-spring/cross-oem-mooncake-finetuning/finetuning_sequential.py", line 2844, in copy_checkpoint
    raise RuntimeError(f"checkpoint transfer failed via backend={result.backend}: {result.details}")

