2026-09-07T11:40:43Z START command
host=michael@odyn-dgx3
command=sshpass -e scp -o IdentitiesOnly=yes -o BatchMode=no -o ConnectTimeout=15 -o ServerAliveInterval=15 -o ServerAliveCountMax=8 -o PreferredAuthentications=publickey,password,keyboard-interactive -o NumberOfPasswordPrompts=1 /Users/michaelsigamani/Documents/DevelopmentCode/2026-spring/cross-oem-mooncake-finetuning/requirements.txt 'michael@odyn-dgx3:~/cross-vendor-mooncake-test/'
timeout_seconds=600.0
2026-09-07T11:40:43Z END command
duration=0.308
returncode=0
2026-09-07T11:40:43Z START command
host=runpod-mi300x-michael
command=sshpass -e scp -o IdentitiesOnly=yes -o BatchMode=no -o ConnectTimeout=15 -o ServerAliveInterval=15 -o ServerAliveCountMax=8 -o PreferredAuthentications=publickey,password,keyboard-interactive -o NumberOfPasswordPrompts=1 /Users/michaelsigamani/Documents/DevelopmentCode/2026-spring/cross-oem-mooncake-finetuning/requirements.txt 'runpod-mi300x-michael:~/cross-vendor-mooncake-test/'
timeout_seconds=600.0
2026-09-07T11:40:44Z END command
duration=1.192
returncode=0
2026-09-07T11:40:44Z START command
host=michael@odyn-radeon2
command=sshpass -e scp -o IdentitiesOnly=yes -o BatchMode=no -o ConnectTimeout=15 -o ServerAliveInterval=15 -o ServerAliveCountMax=8 -o PreferredAuthentications=publickey,password,keyboard-interactive -o NumberOfPasswordPrompts=1 /Users/michaelsigamani/Documents/DevelopmentCode/2026-spring/cross-oem-mooncake-finetuning/requirements.txt 'michael@odyn-radeon2:~/cross-vendor-mooncake-test/'
timeout_seconds=600.0
2026-09-07T11:40:45Z END command
duration=0.553
returncode=0
2026-09-07T11:40:45Z START command
host=michael@odyn-dgx3
command=sshpass -e scp -o IdentitiesOnly=yes -o BatchMode=no -o ConnectTimeout=15 -o ServerAliveInterval=15 -o ServerAliveCountMax=8 -o PreferredAuthentications=publickey,password,keyboard-interactive -o NumberOfPasswordPrompts=1 /Users/michaelsigamani/Documents/DevelopmentCode/2026-spring/cross-oem-mooncake-finetuning/train_lora_migration.py 'michael@odyn-dgx3:~/cross-vendor-mooncake-test/'
timeout_seconds=600.0
2026-09-07T11:40:45Z END command
duration=0.341
returncode=0
2026-09-07T11:40:45Z START command
host=runpod-mi300x-michael
command=sshpass -e scp -o IdentitiesOnly=yes -o BatchMode=no -o ConnectTimeout=15 -o ServerAliveInterval=15 -o ServerAliveCountMax=8 -o PreferredAuthentications=publickey,password,keyboard-interactive -o NumberOfPasswordPrompts=1 /Users/michaelsigamani/Documents/DevelopmentCode/2026-spring/cross-oem-mooncake-finetuning/train_lora_migration.py 'runpod-mi300x-michael:~/cross-vendor-mooncake-test/'
timeout_seconds=600.0
2026-09-07T11:40:46Z END command
duration=1.270
returncode=0
2026-09-07T11:40:46Z START command
host=michael@odyn-radeon2
command=sshpass -e scp -o IdentitiesOnly=yes -o BatchMode=no -o ConnectTimeout=15 -o ServerAliveInterval=15 -o ServerAliveCountMax=8 -o PreferredAuthentications=publickey,password,keyboard-interactive -o NumberOfPasswordPrompts=1 /Users/michaelsigamani/Documents/DevelopmentCode/2026-spring/cross-oem-mooncake-finetuning/train_lora_migration.py 'michael@odyn-radeon2:~/cross-vendor-mooncake-test/'
timeout_seconds=600.0
2026-09-07T11:40:47Z END command
duration=0.591
returncode=0
2026-09-07T11:40:47Z START command
host=michael@odyn-dgx3
command=sshpass -e scp -o IdentitiesOnly=yes -o BatchMode=no -o ConnectTimeout=15 -o ServerAliveInterval=15 -o ServerAliveCountMax=8 -o PreferredAuthentications=publickey,password,keyboard-interactive -o NumberOfPasswordPrompts=1 /Users/michaelsigamani/Documents/DevelopmentCode/2026-spring/cross-oem-mooncake-finetuning/validate_resume.py 'michael@odyn-dgx3:~/cross-vendor-mooncake-test/'
timeout_seconds=600.0
2026-09-07T11:40:47Z END command
duration=0.352
returncode=0
2026-09-07T11:40:47Z START command
host=runpod-mi300x-michael
command=sshpass -e scp -o IdentitiesOnly=yes -o BatchMode=no -o ConnectTimeout=15 -o ServerAliveInterval=15 -o ServerAliveCountMax=8 -o PreferredAuthentications=publickey,password,keyboard-interactive -o NumberOfPasswordPrompts=1 /Users/michaelsigamani/Documents/DevelopmentCode/2026-spring/cross-oem-mooncake-finetuning/validate_resume.py 'runpod-mi300x-michael:~/cross-vendor-mooncake-test/'
timeout_seconds=600.0
2026-09-07T11:40:49Z END command
duration=1.270
returncode=0
2026-09-07T11:40:49Z START command
host=michael@odyn-radeon2
command=sshpass -e scp -o IdentitiesOnly=yes -o BatchMode=no -o ConnectTimeout=15 -o ServerAliveInterval=15 -o ServerAliveCountMax=8 -o PreferredAuthentications=publickey,password,keyboard-interactive -o NumberOfPasswordPrompts=1 /Users/michaelsigamani/Documents/DevelopmentCode/2026-spring/cross-oem-mooncake-finetuning/validate_resume.py 'michael@odyn-radeon2:~/cross-vendor-mooncake-test/'
timeout_seconds=600.0
2026-09-07T11:40:49Z END command
duration=0.593
returncode=0
2026-09-07T11:40:49Z START command
host=michael@odyn-dgx3
command=sshpass -e scp -o IdentitiesOnly=yes -o BatchMode=no -o ConnectTimeout=15 -o ServerAliveInterval=15 -o ServerAliveCountMax=8 -o PreferredAuthentications=publickey,password,keyboard-interactive -o NumberOfPasswordPrompts=1 /Users/michaelsigamani/Documents/DevelopmentCode/2026-spring/cross-oem-mooncake-finetuning/checkpoint_io.py 'michael@odyn-dgx3:~/cross-vendor-mooncake-test/'
timeout_seconds=600.0
2026-09-07T11:40:50Z END command
duration=0.346
returncode=0
2026-09-07T11:40:50Z START command
host=runpod-mi300x-michael
command=sshpass -e scp -o IdentitiesOnly=yes -o BatchMode=no -o ConnectTimeout=15 -o ServerAliveInterval=15 -o ServerAliveCountMax=8 -o PreferredAuthentications=publickey,password,keyboard-interactive -o NumberOfPasswordPrompts=1 /Users/michaelsigamani/Documents/DevelopmentCode/2026-spring/cross-oem-mooncake-finetuning/checkpoint_io.py 'runpod-mi300x-michael:~/cross-vendor-mooncake-test/'
timeout_seconds=600.0
2026-09-07T11:40:51Z END command
duration=1.248
returncode=0
2026-09-07T11:40:51Z START command
host=michael@odyn-radeon2
command=sshpass -e scp -o IdentitiesOnly=yes -o BatchMode=no -o ConnectTimeout=15 -o ServerAliveInterval=15 -o ServerAliveCountMax=8 -o PreferredAuthentications=publickey,password,keyboard-interactive -o NumberOfPasswordPrompts=1 /Users/michaelsigamani/Documents/DevelopmentCode/2026-spring/cross-oem-mooncake-finetuning/checkpoint_io.py 'michael@odyn-radeon2:~/cross-vendor-mooncake-test/'
timeout_seconds=600.0
2026-09-07T11:40:51Z END command
duration=0.564
returncode=0
2026-09-07T11:40:51Z START command
host=michael@odyn-dgx3
command=sshpass -e scp -o IdentitiesOnly=yes -o BatchMode=no -o ConnectTimeout=15 -o ServerAliveInterval=15 -o ServerAliveCountMax=8 -o PreferredAuthentications=publickey,password,keyboard-interactive -o NumberOfPasswordPrompts=1 /Users/michaelsigamani/Documents/DevelopmentCode/2026-spring/cross-oem-mooncake-finetuning/mooncake_tcp_agent.py 'michael@odyn-dgx3:~/cross-vendor-mooncake-test/'
timeout_seconds=600.0
2026-09-07T11:40:52Z END command
duration=0.324
returncode=0
2026-09-07T11:40:52Z START command
host=runpod-mi300x-michael
command=sshpass -e scp -o IdentitiesOnly=yes -o BatchMode=no -o ConnectTimeout=15 -o ServerAliveInterval=15 -o ServerAliveCountMax=8 -o PreferredAuthentications=publickey,password,keyboard-interactive -o NumberOfPasswordPrompts=1 /Users/michaelsigamani/Documents/DevelopmentCode/2026-spring/cross-oem-mooncake-finetuning/mooncake_tcp_agent.py 'runpod-mi300x-michael:~/cross-vendor-mooncake-test/'
timeout_seconds=600.0
2026-09-07T11:40:53Z END command
duration=1.299
returncode=0
2026-09-07T11:40:53Z START command
host=michael@odyn-radeon2
command=sshpass -e scp -o IdentitiesOnly=yes -o BatchMode=no -o ConnectTimeout=15 -o ServerAliveInterval=15 -o ServerAliveCountMax=8 -o PreferredAuthentications=publickey,password,keyboard-interactive -o NumberOfPasswordPrompts=1 /Users/michaelsigamani/Documents/DevelopmentCode/2026-spring/cross-oem-mooncake-finetuning/mooncake_tcp_agent.py 'michael@odyn-radeon2:~/cross-vendor-mooncake-test/'
timeout_seconds=600.0
2026-09-07T11:40:54Z END command
duration=0.592
returncode=0
2026-09-07T11:40:54Z START command
host=michael@odyn-dgx3
command=sshpass -e ssh -o IdentitiesOnly=yes -o BatchMode=no -o ConnectTimeout=15 -o ServerAliveInterval=15 -o ServerAliveCountMax=8 -o PreferredAuthentications=publickey,password,keyboard-interactive -o NumberOfPasswordPrompts=1 michael@odyn-dgx3 'mkdir -p ~/cross-vendor-mooncake-test/data'
timeout_seconds=600.0
2026-09-07T11:40:54Z END command
duration=0.210
returncode=0
2026-09-07T11:40:54Z START command
host=michael@odyn-dgx3
command=sshpass -e scp -o IdentitiesOnly=yes -o BatchMode=no -o ConnectTimeout=15 -o ServerAliveInterval=15 -o ServerAliveCountMax=8 -o PreferredAuthentications=publickey,password,keyboard-interactive -o NumberOfPasswordPrompts=1 -r /Users/michaelsigamani/Documents/DevelopmentCode/2026-spring/cross-oem-mooncake-finetuning/data/quant_mentor_500_alpaca.jsonl 'michael@odyn-dgx3:~/cross-vendor-mooncake-test/data'
timeout_seconds=600.0
2026-09-07T11:40:54Z END command
duration=0.643
returncode=0
2026-09-07T11:40:54Z START command
host=runpod-mi300x-michael
command=sshpass -e ssh -o IdentitiesOnly=yes -o BatchMode=no -o ConnectTimeout=15 -o ServerAliveInterval=15 -o ServerAliveCountMax=8 -o PreferredAuthentications=publickey,password,keyboard-interactive -o NumberOfPasswordPrompts=1 runpod-mi300x-michael 'mkdir -p ~/cross-vendor-mooncake-test/data'
timeout_seconds=600.0
2026-09-07T11:40:55Z END command
duration=0.857
returncode=0
2026-09-07T11:40:55Z START command
host=runpod-mi300x-michael
command=sshpass -e scp -o IdentitiesOnly=yes -o BatchMode=no -o ConnectTimeout=15 -o ServerAliveInterval=15 -o ServerAliveCountMax=8 -o PreferredAuthentications=publickey,password,keyboard-interactive -o NumberOfPasswordPrompts=1 -r /Users/michaelsigamani/Documents/DevelopmentCode/2026-spring/cross-oem-mooncake-finetuning/data/quant_mentor_500_alpaca.jsonl 'runpod-mi300x-michael:~/cross-vendor-mooncake-test/data'
timeout_seconds=600.0
2026-09-07T11:40:57Z END command
duration=1.596
returncode=0
2026-09-07T11:40:57Z START command
host=michael@odyn-radeon2
command=sshpass -e ssh -o IdentitiesOnly=yes -o BatchMode=no -o ConnectTimeout=15 -o ServerAliveInterval=15 -o ServerAliveCountMax=8 -o PreferredAuthentications=publickey,password,keyboard-interactive -o NumberOfPasswordPrompts=1 michael@odyn-radeon2 'mkdir -p ~/cross-vendor-mooncake-test/data'
timeout_seconds=600.0
2026-09-07T11:40:57Z END command
duration=0.432
returncode=0
2026-09-07T11:40:57Z START command
host=michael@odyn-radeon2
command=sshpass -e scp -o IdentitiesOnly=yes -o BatchMode=no -o ConnectTimeout=15 -o ServerAliveInterval=15 -o ServerAliveCountMax=8 -o PreferredAuthentications=publickey,password,keyboard-interactive -o NumberOfPasswordPrompts=1 -r /Users/michaelsigamani/Documents/DevelopmentCode/2026-spring/cross-oem-mooncake-finetuning/data/quant_mentor_500_alpaca.jsonl 'michael@odyn-radeon2:~/cross-vendor-mooncake-test/data'
timeout_seconds=600.0
2026-09-07T11:40:58Z END command
duration=0.665
returncode=0
2026-09-07T11:40:58Z START sync_install
host=michael@odyn-dgx3
command=sshpass -e ssh -o IdentitiesOnly=yes -o BatchMode=no -o ConnectTimeout=15 -o ServerAliveInterval=15 -o ServerAliveCountMax=8 -o PreferredAuthentications=publickey,password,keyboard-interactive -o NumberOfPasswordPrompts=1 michael@odyn-dgx3 'IS_VENV=$(/usr/bin/python3.12 -c "import sys; print(1 if sys.prefix != sys.base_prefix else 0)"); if [ "$IS_VENV" = "1" ]; then /usr/bin/python3.12 -m pip install -U pip && /usr/bin/python3.12 -m pip install -r ~/cross-vendor-mooncake-test/requirements.txt; else /usr/bin/python3.12 -m pip --version >/dev/null 2>&1 || (printf %s michael | sudo -S -k apt-get update && printf %s michael | sudo -S -k apt-get install -y python3-pip) && /usr/bin/python3.12 -m pip install --user --break-system-packages -U pip && /usr/bin/python3.12 -m pip install --user --break-system-packages -r ~/cross-vendor-mooncake-test/requirements.txt; fi'
timeout_seconds=2400.0
2026-09-07T11:40:59Z END sync_install
duration=1.003
returncode=0
2026-09-07T11:40:59Z START sync_install
host=runpod-mi300x-michael
command=sshpass -e ssh -o IdentitiesOnly=yes -o BatchMode=no -o ConnectTimeout=15 -o ServerAliveInterval=15 -o ServerAliveCountMax=8 -o PreferredAuthentications=publickey,password,keyboard-interactive -o NumberOfPasswordPrompts=1 runpod-mi300x-michael 'IS_VENV=$(/workspace/venvs/py312-rocm/bin/python -c "import sys; print(1 if sys.prefix != sys.base_prefix else 0)"); if [ "$IS_VENV" = "1" ]; then /workspace/venvs/py312-rocm/bin/python -m pip install -U pip && /workspace/venvs/py312-rocm/bin/python -m pip install -r ~/cross-vendor-mooncake-test/requirements.txt; else /workspace/venvs/py312-rocm/bin/python -m pip --version >/dev/null 2>&1 || (printf %s michael | sudo -S -k apt-get update && printf %s michael | sudo -S -k apt-get install -y python3-pip) && /workspace/venvs/py312-rocm/bin/python -m pip install --user --break-system-packages -U pip && /workspace/venvs/py312-rocm/bin/python -m pip install --user --break-system-packages -r ~/cross-vendor-mooncake-test/requirements.txt; fi && /workspace/venvs/py312-rocm/bin/python -c "import torch" || /workspace/venvs/py312-rocm/bin/python -m pip install --index-url https://download.pytorch.org/whl/rocm6.3 torch==2.9.1+rocm6.3'
timeout_seconds=2400.0
2026-09-07T11:42:06Z END sync_install
duration=67.503
returncode=0
2026-09-07T11:42:06Z START sync_install
host=michael@odyn-radeon2
command=sshpass -e ssh -o IdentitiesOnly=yes -o BatchMode=no -o ConnectTimeout=15 -o ServerAliveInterval=15 -o ServerAliveCountMax=8 -o PreferredAuthentications=publickey,password,keyboard-interactive -o NumberOfPasswordPrompts=1 michael@odyn-radeon2 'IS_VENV=$(/home/michael/torch-env/bin/python -c "import sys; print(1 if sys.prefix != sys.base_prefix else 0)"); if [ "$IS_VENV" = "1" ]; then /home/michael/torch-env/bin/python -m pip install -U pip && /home/michael/torch-env/bin/python -m pip install -r ~/cross-vendor-mooncake-test/requirements.txt; else /home/michael/torch-env/bin/python -m pip --version >/dev/null 2>&1 || (printf %s michael | sudo -S -k apt-get update && printf %s michael | sudo -S -k apt-get install -y python3-pip) && /home/michael/torch-env/bin/python -m pip install --user --break-system-packages -U pip && /home/michael/torch-env/bin/python -m pip install --user --break-system-packages -r ~/cross-vendor-mooncake-test/requirements.txt; fi'
timeout_seconds=2400.0
2026-09-07T11:42:08Z END sync_install
duration=1.701
returncode=0
