2026-09-07T11:42:31Z START command
host=michael@odyn-dgx3
command=sshpass -e scp -o IdentitiesOnly=yes -o BatchMode=no -o ConnectTimeout=15 -o ServerAliveInterval=15 -o ServerAliveCountMax=8 -o PreferredAuthentications=publickey,password,keyboard-interactive -o NumberOfPasswordPrompts=1 /Users/michaelsigamani/Documents/DevelopmentCode/2026-spring/cross-oem-mooncake-finetuning/requirements.txt 'michael@odyn-dgx3:~/cross-vendor-mooncake-test/'
timeout_seconds=600.0
2026-09-07T11:42:31Z END command
duration=0.294
returncode=0
2026-09-07T11:42:31Z START command
host=runpod-mi300x-michael
command=sshpass -e scp -o IdentitiesOnly=yes -o BatchMode=no -o ConnectTimeout=15 -o ServerAliveInterval=15 -o ServerAliveCountMax=8 -o PreferredAuthentications=publickey,password,keyboard-interactive -o NumberOfPasswordPrompts=1 /Users/michaelsigamani/Documents/DevelopmentCode/2026-spring/cross-oem-mooncake-finetuning/requirements.txt 'runpod-mi300x-michael:~/cross-vendor-mooncake-test/'
timeout_seconds=600.0
2026-09-07T11:42:32Z END command
duration=1.214
returncode=0
2026-09-07T11:42:32Z START command
host=michael@odyn-radeon2
command=sshpass -e scp -o IdentitiesOnly=yes -o BatchMode=no -o ConnectTimeout=15 -o ServerAliveInterval=15 -o ServerAliveCountMax=8 -o PreferredAuthentications=publickey,password,keyboard-interactive -o NumberOfPasswordPrompts=1 /Users/michaelsigamani/Documents/DevelopmentCode/2026-spring/cross-oem-mooncake-finetuning/requirements.txt 'michael@odyn-radeon2:~/cross-vendor-mooncake-test/'
timeout_seconds=600.0
2026-09-07T11:42:33Z END command
duration=0.550
returncode=0
2026-09-07T11:42:33Z START command
host=michael@odyn-dgx3
command=sshpass -e scp -o IdentitiesOnly=yes -o BatchMode=no -o ConnectTimeout=15 -o ServerAliveInterval=15 -o ServerAliveCountMax=8 -o PreferredAuthentications=publickey,password,keyboard-interactive -o NumberOfPasswordPrompts=1 /Users/michaelsigamani/Documents/DevelopmentCode/2026-spring/cross-oem-mooncake-finetuning/train_lora_migration.py 'michael@odyn-dgx3:~/cross-vendor-mooncake-test/'
timeout_seconds=600.0
2026-09-07T11:42:33Z END command
duration=0.326
returncode=0
2026-09-07T11:42:33Z START command
host=runpod-mi300x-michael
command=sshpass -e scp -o IdentitiesOnly=yes -o BatchMode=no -o ConnectTimeout=15 -o ServerAliveInterval=15 -o ServerAliveCountMax=8 -o PreferredAuthentications=publickey,password,keyboard-interactive -o NumberOfPasswordPrompts=1 /Users/michaelsigamani/Documents/DevelopmentCode/2026-spring/cross-oem-mooncake-finetuning/train_lora_migration.py 'runpod-mi300x-michael:~/cross-vendor-mooncake-test/'
timeout_seconds=600.0
2026-09-07T11:42:34Z END command
duration=1.261
returncode=0
2026-09-07T11:42:34Z START command
host=michael@odyn-radeon2
command=sshpass -e scp -o IdentitiesOnly=yes -o BatchMode=no -o ConnectTimeout=15 -o ServerAliveInterval=15 -o ServerAliveCountMax=8 -o PreferredAuthentications=publickey,password,keyboard-interactive -o NumberOfPasswordPrompts=1 /Users/michaelsigamani/Documents/DevelopmentCode/2026-spring/cross-oem-mooncake-finetuning/train_lora_migration.py 'michael@odyn-radeon2:~/cross-vendor-mooncake-test/'
timeout_seconds=600.0
2026-09-07T11:42:35Z END command
duration=0.563
returncode=0
2026-09-07T11:42:35Z START command
host=michael@odyn-dgx3
command=sshpass -e scp -o IdentitiesOnly=yes -o BatchMode=no -o ConnectTimeout=15 -o ServerAliveInterval=15 -o ServerAliveCountMax=8 -o PreferredAuthentications=publickey,password,keyboard-interactive -o NumberOfPasswordPrompts=1 /Users/michaelsigamani/Documents/DevelopmentCode/2026-spring/cross-oem-mooncake-finetuning/validate_resume.py 'michael@odyn-dgx3:~/cross-vendor-mooncake-test/'
timeout_seconds=600.0
2026-09-07T11:42:35Z END command
duration=0.293
returncode=0
2026-09-07T11:42:35Z START command
host=runpod-mi300x-michael
command=sshpass -e scp -o IdentitiesOnly=yes -o BatchMode=no -o ConnectTimeout=15 -o ServerAliveInterval=15 -o ServerAliveCountMax=8 -o PreferredAuthentications=publickey,password,keyboard-interactive -o NumberOfPasswordPrompts=1 /Users/michaelsigamani/Documents/DevelopmentCode/2026-spring/cross-oem-mooncake-finetuning/validate_resume.py 'runpod-mi300x-michael:~/cross-vendor-mooncake-test/'
timeout_seconds=600.0
2026-09-07T11:42:36Z END command
duration=1.184
returncode=0
2026-09-07T11:42:36Z START command
host=michael@odyn-radeon2
command=sshpass -e scp -o IdentitiesOnly=yes -o BatchMode=no -o ConnectTimeout=15 -o ServerAliveInterval=15 -o ServerAliveCountMax=8 -o PreferredAuthentications=publickey,password,keyboard-interactive -o NumberOfPasswordPrompts=1 /Users/michaelsigamani/Documents/DevelopmentCode/2026-spring/cross-oem-mooncake-finetuning/validate_resume.py 'michael@odyn-radeon2:~/cross-vendor-mooncake-test/'
timeout_seconds=600.0
2026-09-07T11:42:37Z END command
duration=0.575
returncode=0
2026-09-07T11:42:37Z START command
host=michael@odyn-dgx3
command=sshpass -e scp -o IdentitiesOnly=yes -o BatchMode=no -o ConnectTimeout=15 -o ServerAliveInterval=15 -o ServerAliveCountMax=8 -o PreferredAuthentications=publickey,password,keyboard-interactive -o NumberOfPasswordPrompts=1 /Users/michaelsigamani/Documents/DevelopmentCode/2026-spring/cross-oem-mooncake-finetuning/checkpoint_io.py 'michael@odyn-dgx3:~/cross-vendor-mooncake-test/'
timeout_seconds=600.0
2026-09-07T11:42:37Z END command
duration=0.319
returncode=0
2026-09-07T11:42:37Z START command
host=runpod-mi300x-michael
command=sshpass -e scp -o IdentitiesOnly=yes -o BatchMode=no -o ConnectTimeout=15 -o ServerAliveInterval=15 -o ServerAliveCountMax=8 -o PreferredAuthentications=publickey,password,keyboard-interactive -o NumberOfPasswordPrompts=1 /Users/michaelsigamani/Documents/DevelopmentCode/2026-spring/cross-oem-mooncake-finetuning/checkpoint_io.py 'runpod-mi300x-michael:~/cross-vendor-mooncake-test/'
timeout_seconds=600.0
2026-09-07T11:42:39Z END command
duration=1.234
returncode=0
2026-09-07T11:42:39Z START command
host=michael@odyn-radeon2
command=sshpass -e scp -o IdentitiesOnly=yes -o BatchMode=no -o ConnectTimeout=15 -o ServerAliveInterval=15 -o ServerAliveCountMax=8 -o PreferredAuthentications=publickey,password,keyboard-interactive -o NumberOfPasswordPrompts=1 /Users/michaelsigamani/Documents/DevelopmentCode/2026-spring/cross-oem-mooncake-finetuning/checkpoint_io.py 'michael@odyn-radeon2:~/cross-vendor-mooncake-test/'
timeout_seconds=600.0
2026-09-07T11:42:39Z END command
duration=0.566
returncode=0
2026-09-07T11:42:39Z START command
host=michael@odyn-dgx3
command=sshpass -e scp -o IdentitiesOnly=yes -o BatchMode=no -o ConnectTimeout=15 -o ServerAliveInterval=15 -o ServerAliveCountMax=8 -o PreferredAuthentications=publickey,password,keyboard-interactive -o NumberOfPasswordPrompts=1 /Users/michaelsigamani/Documents/DevelopmentCode/2026-spring/cross-oem-mooncake-finetuning/mooncake_tcp_agent.py 'michael@odyn-dgx3:~/cross-vendor-mooncake-test/'
timeout_seconds=600.0
2026-09-07T11:42:39Z END command
duration=0.322
returncode=0
2026-09-07T11:42:39Z START command
host=runpod-mi300x-michael
command=sshpass -e scp -o IdentitiesOnly=yes -o BatchMode=no -o ConnectTimeout=15 -o ServerAliveInterval=15 -o ServerAliveCountMax=8 -o PreferredAuthentications=publickey,password,keyboard-interactive -o NumberOfPasswordPrompts=1 /Users/michaelsigamani/Documents/DevelopmentCode/2026-spring/cross-oem-mooncake-finetuning/mooncake_tcp_agent.py 'runpod-mi300x-michael:~/cross-vendor-mooncake-test/'
timeout_seconds=600.0
2026-09-07T11:42:45Z END command
duration=5.900
returncode=0
2026-09-07T11:42:45Z START command
host=michael@odyn-radeon2
command=sshpass -e scp -o IdentitiesOnly=yes -o BatchMode=no -o ConnectTimeout=15 -o ServerAliveInterval=15 -o ServerAliveCountMax=8 -o PreferredAuthentications=publickey,password,keyboard-interactive -o NumberOfPasswordPrompts=1 /Users/michaelsigamani/Documents/DevelopmentCode/2026-spring/cross-oem-mooncake-finetuning/mooncake_tcp_agent.py 'michael@odyn-radeon2:~/cross-vendor-mooncake-test/'
timeout_seconds=600.0
2026-09-07T11:42:46Z END command
duration=0.579
returncode=0
2026-09-07T11:42:46Z START command
host=michael@odyn-dgx3
command=sshpass -e ssh -o IdentitiesOnly=yes -o BatchMode=no -o ConnectTimeout=15 -o ServerAliveInterval=15 -o ServerAliveCountMax=8 -o PreferredAuthentications=publickey,password,keyboard-interactive -o NumberOfPasswordPrompts=1 michael@odyn-dgx3 'mkdir -p ~/cross-vendor-mooncake-test/data'
timeout_seconds=600.0
2026-09-07T11:42:46Z END command
duration=0.186
returncode=0
2026-09-07T11:42:46Z START command
host=michael@odyn-dgx3
command=sshpass -e scp -o IdentitiesOnly=yes -o BatchMode=no -o ConnectTimeout=15 -o ServerAliveInterval=15 -o ServerAliveCountMax=8 -o PreferredAuthentications=publickey,password,keyboard-interactive -o NumberOfPasswordPrompts=1 -r /Users/michaelsigamani/Documents/DevelopmentCode/2026-spring/cross-oem-mooncake-finetuning/data/quant_mentor_500_alpaca.jsonl 'michael@odyn-dgx3:~/cross-vendor-mooncake-test/data'
timeout_seconds=600.0
2026-09-07T11:42:47Z END command
duration=0.552
returncode=0
2026-09-07T11:42:47Z START command
host=runpod-mi300x-michael
command=sshpass -e ssh -o IdentitiesOnly=yes -o BatchMode=no -o ConnectTimeout=15 -o ServerAliveInterval=15 -o ServerAliveCountMax=8 -o PreferredAuthentications=publickey,password,keyboard-interactive -o NumberOfPasswordPrompts=1 runpod-mi300x-michael 'mkdir -p ~/cross-vendor-mooncake-test/data'
timeout_seconds=600.0
2026-09-07T11:42:47Z END command
duration=0.831
returncode=0
2026-09-07T11:42:47Z START command
host=runpod-mi300x-michael
command=sshpass -e scp -o IdentitiesOnly=yes -o BatchMode=no -o ConnectTimeout=15 -o ServerAliveInterval=15 -o ServerAliveCountMax=8 -o PreferredAuthentications=publickey,password,keyboard-interactive -o NumberOfPasswordPrompts=1 -r /Users/michaelsigamani/Documents/DevelopmentCode/2026-spring/cross-oem-mooncake-finetuning/data/quant_mentor_500_alpaca.jsonl 'runpod-mi300x-michael:~/cross-vendor-mooncake-test/data'
timeout_seconds=600.0
2026-09-07T11:42:49Z END command
duration=1.634
returncode=0
2026-09-07T11:42:49Z START command
host=michael@odyn-radeon2
command=sshpass -e ssh -o IdentitiesOnly=yes -o BatchMode=no -o ConnectTimeout=15 -o ServerAliveInterval=15 -o ServerAliveCountMax=8 -o PreferredAuthentications=publickey,password,keyboard-interactive -o NumberOfPasswordPrompts=1 michael@odyn-radeon2 'mkdir -p ~/cross-vendor-mooncake-test/data'
timeout_seconds=600.0
2026-09-07T11:42:50Z END command
duration=0.452
returncode=0
2026-09-07T11:42:50Z START command
host=michael@odyn-radeon2
command=sshpass -e scp -o IdentitiesOnly=yes -o BatchMode=no -o ConnectTimeout=15 -o ServerAliveInterval=15 -o ServerAliveCountMax=8 -o PreferredAuthentications=publickey,password,keyboard-interactive -o NumberOfPasswordPrompts=1 -r /Users/michaelsigamani/Documents/DevelopmentCode/2026-spring/cross-oem-mooncake-finetuning/data/quant_mentor_500_alpaca.jsonl 'michael@odyn-radeon2:~/cross-vendor-mooncake-test/data'
timeout_seconds=600.0
2026-09-07T11:42:50Z END command
duration=0.748
returncode=0
2026-09-07T11:42:50Z START sync_install
host=michael@odyn-dgx3
command=sshpass -e ssh -o IdentitiesOnly=yes -o BatchMode=no -o ConnectTimeout=15 -o ServerAliveInterval=15 -o ServerAliveCountMax=8 -o PreferredAuthentications=publickey,password,keyboard-interactive -o NumberOfPasswordPrompts=1 michael@odyn-dgx3 'IS_VENV=$(/usr/bin/python3.12 -c "import sys; print(1 if sys.prefix != sys.base_prefix else 0)"); if [ "$IS_VENV" = "1" ]; then /usr/bin/python3.12 -m pip install -U pip && /usr/bin/python3.12 -m pip install -r ~/cross-vendor-mooncake-test/requirements.txt; else /usr/bin/python3.12 -m pip --version >/dev/null 2>&1 || (printf %s michael | sudo -S -k apt-get update && printf %s michael | sudo -S -k apt-get install -y python3-pip) && /usr/bin/python3.12 -m pip install --user --break-system-packages -U pip && /usr/bin/python3.12 -m pip install --user --break-system-packages -r ~/cross-vendor-mooncake-test/requirements.txt; fi'
timeout_seconds=2400.0
2026-09-07T11:42:51Z END sync_install
duration=0.917
returncode=0
2026-09-07T11:42:51Z START sync_install
host=runpod-mi300x-michael
command=sshpass -e ssh -o IdentitiesOnly=yes -o BatchMode=no -o ConnectTimeout=15 -o ServerAliveInterval=15 -o ServerAliveCountMax=8 -o PreferredAuthentications=publickey,password,keyboard-interactive -o NumberOfPasswordPrompts=1 runpod-mi300x-michael 'IS_VENV=$(/workspace/venvs/py312-rocm/bin/python -c "import sys; print(1 if sys.prefix != sys.base_prefix else 0)"); if [ "$IS_VENV" = "1" ]; then /workspace/venvs/py312-rocm/bin/python -m pip install -U pip && /workspace/venvs/py312-rocm/bin/python -m pip install -r ~/cross-vendor-mooncake-test/requirements.txt; else /workspace/venvs/py312-rocm/bin/python -m pip --version >/dev/null 2>&1 || (printf %s michael | sudo -S -k apt-get update && printf %s michael | sudo -S -k apt-get install -y python3-pip) && /workspace/venvs/py312-rocm/bin/python -m pip install --user --break-system-packages -U pip && /workspace/venvs/py312-rocm/bin/python -m pip install --user --break-system-packages -r ~/cross-vendor-mooncake-test/requirements.txt; fi && /workspace/venvs/py312-rocm/bin/python -c "import torch" || /workspace/venvs/py312-rocm/bin/python -m pip install --index-url https://download.pytorch.org/whl/rocm6.3 torch==2.9.1+rocm6.3'
timeout_seconds=2400.0
2026-09-07T11:43:13Z END sync_install
duration=21.803
returncode=0
2026-09-07T11:43:13Z START sync_install
host=michael@odyn-radeon2
command=sshpass -e ssh -o IdentitiesOnly=yes -o BatchMode=no -o ConnectTimeout=15 -o ServerAliveInterval=15 -o ServerAliveCountMax=8 -o PreferredAuthentications=publickey,password,keyboard-interactive -o NumberOfPasswordPrompts=1 michael@odyn-radeon2 'IS_VENV=$(/home/michael/torch-env/bin/python -c "import sys; print(1 if sys.prefix != sys.base_prefix else 0)"); if [ "$IS_VENV" = "1" ]; then /home/michael/torch-env/bin/python -m pip install -U pip && /home/michael/torch-env/bin/python -m pip install -r ~/cross-vendor-mooncake-test/requirements.txt; else /home/michael/torch-env/bin/python -m pip --version >/dev/null 2>&1 || (printf %s michael | sudo -S -k apt-get update && printf %s michael | sudo -S -k apt-get install -y python3-pip) && /home/michael/torch-env/bin/python -m pip install --user --break-system-packages -U pip && /home/michael/torch-env/bin/python -m pip install --user --break-system-packages -r ~/cross-vendor-mooncake-test/requirements.txt; fi'
timeout_seconds=2400.0
2026-09-07T11:43:14Z END sync_install
duration=1.022
returncode=0
