2026-09-07 11:02:28 +0100 - dagster - DEBUG - finetuning_sequential_job - 75feee88-84f0-4c8d-94de-711950591672 - 12436 - LOGS_CAPTURED - Capturing logs for process (pid: 12436).
2026-09-07 11:02:28 +0100 - dagster - DEBUG - finetuning_sequential_job - 75feee88-84f0-4c8d-94de-711950591672 - 12436 - save_assets - STEP_START - Started execution of step "save_assets".
2026-09-07 11:02:28 +0100 - dagster - DEBUG - finetuning_sequential_job - 75feee88-84f0-4c8d-94de-711950591672 - save_assets - Loading file from: /Users/michaelsigamani/Documents/DevelopmentCode/2026-spring/cross-oem-mooncake-finetuning/storage/75feee88-84f0-4c8d-94de-711950591672/settings_op/result using PickledObjectFilesystemIOManager...
2026-09-07 11:02:28 +0100 - dagster - DEBUG - finetuning_sequential_job - 75feee88-84f0-4c8d-94de-711950591672 - 12436 - save_assets - LOADED_INPUT - Loaded input "settings" using input manager "io_manager", from output "result" of step "settings_op"
2026-09-07 11:02:28 +0100 - dagster - DEBUG - finetuning_sequential_job - 75feee88-84f0-4c8d-94de-711950591672 - 12436 - save_assets - STEP_INPUT - Got input "settings" of type "PortabilitySettings". (Type check passed).
2026-09-07 11:02:30 +0100 - dagster - DEBUG - finetuning_sequential_job - 75feee88-84f0-4c8d-94de-711950591672 - 12436 - save_assets - ASSET_MATERIALIZATION - Data asset copied from NVIDIA host to local artifacts.
2026-09-07 11:02:31 +0100 - dagster - DEBUG - finetuning_sequential_job - 75feee88-84f0-4c8d-94de-711950591672 - 12436 - save_assets - ASSET_MATERIALIZATION - Data asset copied from NVIDIA host to local artifacts.
2026-09-07 11:02:32 +0100 - dagster - DEBUG - finetuning_sequential_job - 75feee88-84f0-4c8d-94de-711950591672 - 12436 - save_assets - ASSET_MATERIALIZATION - Data asset copied from NVIDIA host to local artifacts.
2026-09-07 11:02:32 +0100 - dagster - DEBUG - finetuning_sequential_job - 75feee88-84f0-4c8d-94de-711950591672 - 12436 - save_assets - ASSET_MATERIALIZATION - Data asset copied from NVIDIA host to local artifacts.
2026-09-07 11:02:33 +0100 - dagster - DEBUG - finetuning_sequential_job - 75feee88-84f0-4c8d-94de-711950591672 - 12436 - save_assets - ASSET_MATERIALIZATION - Data asset copied from NVIDIA host to local artifacts.
2026-09-07 11:02:34 +0100 - dagster - DEBUG - finetuning_sequential_job - 75feee88-84f0-4c8d-94de-711950591672 - 12436 - save_assets - ASSET_MATERIALIZATION - Data asset copied from NVIDIA host to local artifacts.
2026-09-07 11:02:34 +0100 - dagster - DEBUG - finetuning_sequential_job - 75feee88-84f0-4c8d-94de-711950591672 - 12436 - save_assets - ASSET_MATERIALIZATION - Data asset copied from NVIDIA host to local artifacts.
2026-09-07 11:02:36 +0100 - dagster - DEBUG - finetuning_sequential_job - 75feee88-84f0-4c8d-94de-711950591672 - 12436 - save_assets - ASSET_MATERIALIZATION - Data asset copied from NVIDIA host to local artifacts.
2026-09-07 11:02:37 +0100 - dagster - DEBUG - finetuning_sequential_job - 75feee88-84f0-4c8d-94de-711950591672 - 12436 - save_assets - ASSET_MATERIALIZATION - Data asset copied from NVIDIA host to local artifacts.
2026-09-07 11:02:37 +0100 - dagster - DEBUG - finetuning_sequential_job - 75feee88-84f0-4c8d-94de-711950591672 - 12436 - save_assets - ASSET_MATERIALIZATION - Data asset copied from NVIDIA host to local artifacts.
2026-09-07 11:02:38 +0100 - dagster - DEBUG - finetuning_sequential_job - 75feee88-84f0-4c8d-94de-711950591672 - 12436 - save_assets - ASSET_MATERIALIZATION - Data asset copied from NVIDIA host to local artifacts.
2026-09-07 11:02:39 +0100 - dagster - DEBUG - finetuning_sequential_job - 75feee88-84f0-4c8d-94de-711950591672 - 12436 - save_assets - ASSET_MATERIALIZATION - Data asset copied from NVIDIA host to local artifacts.
2026-09-07 11:02:39 +0100 - dagster - DEBUG - finetuning_sequential_job - 75feee88-84f0-4c8d-94de-711950591672 - 12436 - save_assets - ASSET_MATERIALIZATION - Manifest of all assets persisted from NVIDIA to local artifacts.
2026-09-07 11:02:39 +0100 - dagster - DEBUG - finetuning_sequential_job - 75feee88-84f0-4c8d-94de-711950591672 - 12436 - save_assets - STEP_OUTPUT - Yielded output "result" of type "Nothing". (Type check passed).
2026-09-07 11:02:39 +0100 - dagster - DEBUG - finetuning_sequential_job - 75feee88-84f0-4c8d-94de-711950591672 - 12436 - save_assets - STEP_SUCCESS - Finished execution of step "save_assets" in 10.27s.
