[32m2026-09-07 12:49:41 +0100[0m - dagster - [34mDEBUG[0m - finetuning_sequential_job - 5ee84d64-336a-48e8-88bb-02a7de3394e3 - 18547 - LOGS_CAPTURED - Capturing logs for process (pid: 18547).
[32m2026-09-07 12:49:41 +0100[0m - dagster - [34mDEBUG[0m - finetuning_sequential_job - 5ee84d64-336a-48e8-88bb-02a7de3394e3 - 18547 - save_assets - STEP_START - Started execution of step "save_assets".
[32m2026-09-07 12:49:41 +0100[0m - dagster - [34mDEBUG[0m - finetuning_sequential_job - 5ee84d64-336a-48e8-88bb-02a7de3394e3 - save_assets - Loading file from: /Users/michaelsigamani/Documents/DevelopmentCode/2026-spring/cross-oem-mooncake-finetuning/storage/5ee84d64-336a-48e8-88bb-02a7de3394e3/settings_op/result using PickledObjectFilesystemIOManager...
[32m2026-09-07 12:49:41 +0100[0m - dagster - [34mDEBUG[0m - finetuning_sequential_job - 5ee84d64-336a-48e8-88bb-02a7de3394e3 - 18547 - save_assets - LOADED_INPUT - Loaded input "settings" using input manager "io_manager", from output "result" of step "settings_op"
[32m2026-09-07 12:49:41 +0100[0m - dagster - [34mDEBUG[0m - finetuning_sequential_job - 5ee84d64-336a-48e8-88bb-02a7de3394e3 - 18547 - save_assets - STEP_INPUT - Got input "settings" of type "PortabilitySettings". (Type check passed).
[32m2026-09-07 12:49:44 +0100[0m - dagster - [34mDEBUG[0m - finetuning_sequential_job - 5ee84d64-336a-48e8-88bb-02a7de3394e3 - 18547 - save_assets - ASSET_MATERIALIZATION - Data asset copied from NVIDIA host to local artifacts.
[32m2026-09-07 12:49:46 +0100[0m - dagster - [34mDEBUG[0m - finetuning_sequential_job - 5ee84d64-336a-48e8-88bb-02a7de3394e3 - 18547 - save_assets - ASSET_MATERIALIZATION - Data asset copied from NVIDIA host to local artifacts.
[32m2026-09-07 12:49:47 +0100[0m - dagster - [34mDEBUG[0m - finetuning_sequential_job - 5ee84d64-336a-48e8-88bb-02a7de3394e3 - 18547 - save_assets - ASSET_MATERIALIZATION - Data asset copied from NVIDIA host to local artifacts.
[32m2026-09-07 12:49:48 +0100[0m - dagster - [34mDEBUG[0m - finetuning_sequential_job - 5ee84d64-336a-48e8-88bb-02a7de3394e3 - 18547 - save_assets - ASSET_MATERIALIZATION - Data asset copied from NVIDIA host to local artifacts.
[32m2026-09-07 12:49:51 +0100[0m - dagster - [34mDEBUG[0m - finetuning_sequential_job - 5ee84d64-336a-48e8-88bb-02a7de3394e3 - 18547 - save_assets - ASSET_MATERIALIZATION - Data asset copied from NVIDIA host to local artifacts.
[32m2026-09-07 12:49:54 +0100[0m - dagster - [34mDEBUG[0m - finetuning_sequential_job - 5ee84d64-336a-48e8-88bb-02a7de3394e3 - 18547 - save_assets - ASSET_MATERIALIZATION - Data asset copied from NVIDIA host to local artifacts.
[32m2026-09-07 12:49:57 +0100[0m - dagster - [34mDEBUG[0m - finetuning_sequential_job - 5ee84d64-336a-48e8-88bb-02a7de3394e3 - 18547 - save_assets - ASSET_MATERIALIZATION - Data asset copied from NVIDIA host to local artifacts.
[32m2026-09-07 12:49:58 +0100[0m - dagster - [34mDEBUG[0m - finetuning_sequential_job - 5ee84d64-336a-48e8-88bb-02a7de3394e3 - 18547 - save_assets - ASSET_MATERIALIZATION - Data asset copied from NVIDIA host to local artifacts.
[32m2026-09-07 12:50:01 +0100[0m - dagster - [34mDEBUG[0m - finetuning_sequential_job - 5ee84d64-336a-48e8-88bb-02a7de3394e3 - 18547 - save_assets - ASSET_MATERIALIZATION - Data asset copied from NVIDIA host to local artifacts.
[32m2026-09-07 12:50:04 +0100[0m - dagster - [34mDEBUG[0m - finetuning_sequential_job - 5ee84d64-336a-48e8-88bb-02a7de3394e3 - 18547 - save_assets - ASSET_MATERIALIZATION - Data asset copied from NVIDIA host to local artifacts.
[32m2026-09-07 12:50:07 +0100[0m - dagster - [34mDEBUG[0m - finetuning_sequential_job - 5ee84d64-336a-48e8-88bb-02a7de3394e3 - 18547 - save_assets - ASSET_MATERIALIZATION - Data asset copied from NVIDIA host to local artifacts.
[32m2026-09-07 12:50:10 +0100[0m - dagster - [34mDEBUG[0m - finetuning_sequential_job - 5ee84d64-336a-48e8-88bb-02a7de3394e3 - 18547 - save_assets - ASSET_MATERIALIZATION - Data asset copied from NVIDIA host to local artifacts.
[32m2026-09-07 12:50:10 +0100[0m - dagster - [34mDEBUG[0m - finetuning_sequential_job - 5ee84d64-336a-48e8-88bb-02a7de3394e3 - 18547 - save_assets - ASSET_MATERIALIZATION - Manifest of all assets persisted from NVIDIA to local artifacts.
[32m2026-09-07 12:50:10 +0100[0m - dagster - [34mDEBUG[0m - finetuning_sequential_job - 5ee84d64-336a-48e8-88bb-02a7de3394e3 - 18547 - save_assets - STEP_OUTPUT - Yielded output "result" of type "Nothing". (Type check passed).
[32m2026-09-07 12:50:10 +0100[0m - dagster - [34mDEBUG[0m - finetuning_sequential_job - 5ee84d64-336a-48e8-88bb-02a7de3394e3 - 18547 - save_assets - STEP_SUCCESS - Finished execution of step "save_assets" in 29.75s.
