2026-09-07T11:42:31Z START command
host=michael@odyn-dgx3
command=sshpass -e scp -o IdentitiesOnly=yes -o BatchMode=no -o ConnectTimeout=15 -o ServerAliveInterval=15 -o ServerAliveCountMax=8 -o PreferredAuthentications=publickey,password,keyboard-interactive -o NumberOfPasswordPrompts=1 /Users/michaelsigamani/Documents/DevelopmentCode/2026-spring/cross-oem-mooncake-finetuning/requirements.txt 'michael@odyn-dgx3:~/cross-vendor-mooncake-test/'
timeout_seconds=600.0
2026-09-07T11:42:32Z END command
duration=0.270
returncode=0
2026-09-07T11:42:32Z START command
host=runpod-mi300x-michael
command=sshpass -e scp -o IdentitiesOnly=yes -o BatchMode=no -o ConnectTimeout=15 -o ServerAliveInterval=15 -o ServerAliveCountMax=8 -o PreferredAuthentications=publickey,password,keyboard-interactive -o NumberOfPasswordPrompts=1 /Users/michaelsigamani/Documents/DevelopmentCode/2026-spring/cross-oem-mooncake-finetuning/requirements.txt 'runpod-mi300x-michael:~/cross-vendor-mooncake-test/'
timeout_seconds=600.0
2026-09-07T11:42:33Z END command
duration=1.230
returncode=0
2026-09-07T11:42:33Z START command
host=michael@odyn-radeon2
command=sshpass -e scp -o IdentitiesOnly=yes -o BatchMode=no -o ConnectTimeout=15 -o ServerAliveInterval=15 -o ServerAliveCountMax=8 -o PreferredAuthentications=publickey,password,keyboard-interactive -o NumberOfPasswordPrompts=1 /Users/michaelsigamani/Documents/DevelopmentCode/2026-spring/cross-oem-mooncake-finetuning/requirements.txt 'michael@odyn-radeon2:~/cross-vendor-mooncake-test/'
timeout_seconds=600.0
2026-09-07T11:42:34Z END command
duration=0.556
returncode=0
2026-09-07T11:42:34Z START command
host=michael@odyn-dgx3
command=sshpass -e scp -o IdentitiesOnly=yes -o BatchMode=no -o ConnectTimeout=15 -o ServerAliveInterval=15 -o ServerAliveCountMax=8 -o PreferredAuthentications=publickey,password,keyboard-interactive -o NumberOfPasswordPrompts=1 /Users/michaelsigamani/Documents/DevelopmentCode/2026-spring/cross-oem-mooncake-finetuning/train_lora_migration.py 'michael@odyn-dgx3:~/cross-vendor-mooncake-test/'
timeout_seconds=600.0
2026-09-07T11:42:34Z END command
duration=0.330
returncode=0
2026-09-07T11:42:34Z START command
host=runpod-mi300x-michael
command=sshpass -e scp -o IdentitiesOnly=yes -o BatchMode=no -o ConnectTimeout=15 -o ServerAliveInterval=15 -o ServerAliveCountMax=8 -o PreferredAuthentications=publickey,password,keyboard-interactive -o NumberOfPasswordPrompts=1 /Users/michaelsigamani/Documents/DevelopmentCode/2026-spring/cross-oem-mooncake-finetuning/train_lora_migration.py 'runpod-mi300x-michael:~/cross-vendor-mooncake-test/'
timeout_seconds=600.0
2026-09-07T11:42:35Z END command
duration=1.316
returncode=0
2026-09-07T11:42:35Z START command
host=michael@odyn-radeon2
command=sshpass -e scp -o IdentitiesOnly=yes -o BatchMode=no -o ConnectTimeout=15 -o ServerAliveInterval=15 -o ServerAliveCountMax=8 -o PreferredAuthentications=publickey,password,keyboard-interactive -o NumberOfPasswordPrompts=1 /Users/michaelsigamani/Documents/DevelopmentCode/2026-spring/cross-oem-mooncake-finetuning/train_lora_migration.py 'michael@odyn-radeon2:~/cross-vendor-mooncake-test/'
timeout_seconds=600.0
2026-09-07T11:42:36Z END command
duration=0.594
returncode=0
2026-09-07T11:42:36Z START command
host=michael@odyn-dgx3
command=sshpass -e scp -o IdentitiesOnly=yes -o BatchMode=no -o ConnectTimeout=15 -o ServerAliveInterval=15 -o ServerAliveCountMax=8 -o PreferredAuthentications=publickey,password,keyboard-interactive -o NumberOfPasswordPrompts=1 /Users/michaelsigamani/Documents/DevelopmentCode/2026-spring/cross-oem-mooncake-finetuning/validate_resume.py 'michael@odyn-dgx3:~/cross-vendor-mooncake-test/'
timeout_seconds=600.0
2026-09-07T11:42:36Z END command
duration=0.297
returncode=0
2026-09-07T11:42:36Z START command
host=runpod-mi300x-michael
command=sshpass -e scp -o IdentitiesOnly=yes -o BatchMode=no -o ConnectTimeout=15 -o ServerAliveInterval=15 -o ServerAliveCountMax=8 -o PreferredAuthentications=publickey,password,keyboard-interactive -o NumberOfPasswordPrompts=1 /Users/michaelsigamani/Documents/DevelopmentCode/2026-spring/cross-oem-mooncake-finetuning/validate_resume.py 'runpod-mi300x-michael:~/cross-vendor-mooncake-test/'
timeout_seconds=600.0
2026-09-07T11:42:37Z END command
duration=1.220
returncode=0
2026-09-07T11:42:37Z START command
host=michael@odyn-radeon2
command=sshpass -e scp -o IdentitiesOnly=yes -o BatchMode=no -o ConnectTimeout=15 -o ServerAliveInterval=15 -o ServerAliveCountMax=8 -o PreferredAuthentications=publickey,password,keyboard-interactive -o NumberOfPasswordPrompts=1 /Users/michaelsigamani/Documents/DevelopmentCode/2026-spring/cross-oem-mooncake-finetuning/validate_resume.py 'michael@odyn-radeon2:~/cross-vendor-mooncake-test/'
timeout_seconds=600.0
2026-09-07T11:42:38Z END command
duration=0.543
returncode=0
2026-09-07T11:42:38Z START command
host=michael@odyn-dgx3
command=sshpass -e scp -o IdentitiesOnly=yes -o BatchMode=no -o ConnectTimeout=15 -o ServerAliveInterval=15 -o ServerAliveCountMax=8 -o PreferredAuthentications=publickey,password,keyboard-interactive -o NumberOfPasswordPrompts=1 /Users/michaelsigamani/Documents/DevelopmentCode/2026-spring/cross-oem-mooncake-finetuning/checkpoint_io.py 'michael@odyn-dgx3:~/cross-vendor-mooncake-test/'
timeout_seconds=600.0
2026-09-07T11:42:38Z END command
duration=0.282
returncode=0
2026-09-07T11:42:38Z START command
host=runpod-mi300x-michael
command=sshpass -e scp -o IdentitiesOnly=yes -o BatchMode=no -o ConnectTimeout=15 -o ServerAliveInterval=15 -o ServerAliveCountMax=8 -o PreferredAuthentications=publickey,password,keyboard-interactive -o NumberOfPasswordPrompts=1 /Users/michaelsigamani/Documents/DevelopmentCode/2026-spring/cross-oem-mooncake-finetuning/checkpoint_io.py 'runpod-mi300x-michael:~/cross-vendor-mooncake-test/'
timeout_seconds=600.0
2026-09-07T11:42:39Z END command
duration=1.268
returncode=0
2026-09-07T11:42:39Z START command
host=michael@odyn-radeon2
command=sshpass -e scp -o IdentitiesOnly=yes -o BatchMode=no -o ConnectTimeout=15 -o ServerAliveInterval=15 -o ServerAliveCountMax=8 -o PreferredAuthentications=publickey,password,keyboard-interactive -o NumberOfPasswordPrompts=1 /Users/michaelsigamani/Documents/DevelopmentCode/2026-spring/cross-oem-mooncake-finetuning/checkpoint_io.py 'michael@odyn-radeon2:~/cross-vendor-mooncake-test/'
timeout_seconds=600.0
2026-09-07T11:42:40Z END command
duration=0.626
returncode=0
2026-09-07T11:42:40Z START command
host=michael@odyn-dgx3
command=sshpass -e scp -o IdentitiesOnly=yes -o BatchMode=no -o ConnectTimeout=15 -o ServerAliveInterval=15 -o ServerAliveCountMax=8 -o PreferredAuthentications=publickey,password,keyboard-interactive -o NumberOfPasswordPrompts=1 /Users/michaelsigamani/Documents/DevelopmentCode/2026-spring/cross-oem-mooncake-finetuning/mooncake_tcp_agent.py 'michael@odyn-dgx3:~/cross-vendor-mooncake-test/'
timeout_seconds=600.0
2026-09-07T11:42:40Z END command
duration=0.360
returncode=0
2026-09-07T11:42:40Z START command
host=runpod-mi300x-michael
command=sshpass -e scp -o IdentitiesOnly=yes -o BatchMode=no -o ConnectTimeout=15 -o ServerAliveInterval=15 -o ServerAliveCountMax=8 -o PreferredAuthentications=publickey,password,keyboard-interactive -o NumberOfPasswordPrompts=1 /Users/michaelsigamani/Documents/DevelopmentCode/2026-spring/cross-oem-mooncake-finetuning/mooncake_tcp_agent.py 'runpod-mi300x-michael:~/cross-vendor-mooncake-test/'
timeout_seconds=600.0
2026-09-07T11:42:42Z END command
duration=1.351
returncode=0
2026-09-07T11:42:42Z START command
host=michael@odyn-radeon2
command=sshpass -e scp -o IdentitiesOnly=yes -o BatchMode=no -o ConnectTimeout=15 -o ServerAliveInterval=15 -o ServerAliveCountMax=8 -o PreferredAuthentications=publickey,password,keyboard-interactive -o NumberOfPasswordPrompts=1 /Users/michaelsigamani/Documents/DevelopmentCode/2026-spring/cross-oem-mooncake-finetuning/mooncake_tcp_agent.py 'michael@odyn-radeon2:~/cross-vendor-mooncake-test/'
timeout_seconds=600.0
2026-09-07T11:42:42Z END command
duration=0.616
returncode=0
2026-09-07T11:42:42Z START command
host=michael@odyn-dgx3
command=sshpass -e ssh -o IdentitiesOnly=yes -o BatchMode=no -o ConnectTimeout=15 -o ServerAliveInterval=15 -o ServerAliveCountMax=8 -o PreferredAuthentications=publickey,password,keyboard-interactive -o NumberOfPasswordPrompts=1 michael@odyn-dgx3 'mkdir -p ~/cross-vendor-mooncake-test/data'
timeout_seconds=600.0
2026-09-07T11:42:43Z END command
duration=0.204
returncode=0
2026-09-07T11:42:43Z START command
host=michael@odyn-dgx3
command=sshpass -e scp -o IdentitiesOnly=yes -o BatchMode=no -o ConnectTimeout=15 -o ServerAliveInterval=15 -o ServerAliveCountMax=8 -o PreferredAuthentications=publickey,password,keyboard-interactive -o NumberOfPasswordPrompts=1 -r /Users/michaelsigamani/Documents/DevelopmentCode/2026-spring/cross-oem-mooncake-finetuning/data/quant_mentor_500_alpaca.jsonl 'michael@odyn-dgx3:~/cross-vendor-mooncake-test/data'
timeout_seconds=600.0
2026-09-07T11:42:43Z END command
duration=0.533
returncode=0
2026-09-07T11:42:43Z START command
host=runpod-mi300x-michael
command=sshpass -e ssh -o IdentitiesOnly=yes -o BatchMode=no -o ConnectTimeout=15 -o ServerAliveInterval=15 -o ServerAliveCountMax=8 -o PreferredAuthentications=publickey,password,keyboard-interactive -o NumberOfPasswordPrompts=1 runpod-mi300x-michael 'mkdir -p ~/cross-vendor-mooncake-test/data'
timeout_seconds=600.0
2026-09-07T11:42:44Z END command
duration=0.859
returncode=0
2026-09-07T11:42:44Z START command
host=runpod-mi300x-michael
command=sshpass -e scp -o IdentitiesOnly=yes -o BatchMode=no -o ConnectTimeout=15 -o ServerAliveInterval=15 -o ServerAliveCountMax=8 -o PreferredAuthentications=publickey,password,keyboard-interactive -o NumberOfPasswordPrompts=1 -r /Users/michaelsigamani/Documents/DevelopmentCode/2026-spring/cross-oem-mooncake-finetuning/data/quant_mentor_500_alpaca.jsonl 'runpod-mi300x-michael:~/cross-vendor-mooncake-test/data'
timeout_seconds=600.0
2026-09-07T11:42:46Z END command
duration=1.577
returncode=0
2026-09-07T11:42:46Z START command
host=michael@odyn-radeon2
command=sshpass -e ssh -o IdentitiesOnly=yes -o BatchMode=no -o ConnectTimeout=15 -o ServerAliveInterval=15 -o ServerAliveCountMax=8 -o PreferredAuthentications=publickey,password,keyboard-interactive -o NumberOfPasswordPrompts=1 michael@odyn-radeon2 'mkdir -p ~/cross-vendor-mooncake-test/data'
timeout_seconds=600.0
2026-09-07T11:42:46Z END command
duration=0.382
returncode=0
2026-09-07T11:42:46Z START command
host=michael@odyn-radeon2
command=sshpass -e scp -o IdentitiesOnly=yes -o BatchMode=no -o ConnectTimeout=15 -o ServerAliveInterval=15 -o ServerAliveCountMax=8 -o PreferredAuthentications=publickey,password,keyboard-interactive -o NumberOfPasswordPrompts=1 -r /Users/michaelsigamani/Documents/DevelopmentCode/2026-spring/cross-oem-mooncake-finetuning/data/quant_mentor_500_alpaca.jsonl 'michael@odyn-radeon2:~/cross-vendor-mooncake-test/data'
timeout_seconds=600.0
2026-09-07T11:42:47Z END command
duration=0.809
returncode=0
2026-09-07T11:42:47Z START sync_install
host=michael@odyn-dgx3
command=sshpass -e ssh -o IdentitiesOnly=yes -o BatchMode=no -o ConnectTimeout=15 -o ServerAliveInterval=15 -o ServerAliveCountMax=8 -o PreferredAuthentications=publickey,password,keyboard-interactive -o NumberOfPasswordPrompts=1 michael@odyn-dgx3 'IS_VENV=$(/usr/bin/python3.12 -c "import sys; print(1 if sys.prefix != sys.base_prefix else 0)"); if [ "$IS_VENV" = "1" ]; then /usr/bin/python3.12 -m pip install -U pip && /usr/bin/python3.12 -m pip install -r ~/cross-vendor-mooncake-test/requirements.txt; else /usr/bin/python3.12 -m pip --version >/dev/null 2>&1 || (printf %s michael | sudo -S -k apt-get update && printf %s michael | sudo -S -k apt-get install -y python3-pip) && /usr/bin/python3.12 -m pip install --user --break-system-packages -U pip && /usr/bin/python3.12 -m pip install --user --break-system-packages -r ~/cross-vendor-mooncake-test/requirements.txt; fi'
timeout_seconds=2400.0
2026-09-07T11:42:48Z END sync_install
duration=0.958
returncode=0
2026-09-07T11:42:48Z START sync_install
host=runpod-mi300x-michael
command=sshpass -e ssh -o IdentitiesOnly=yes -o BatchMode=no -o ConnectTimeout=15 -o ServerAliveInterval=15 -o ServerAliveCountMax=8 -o PreferredAuthentications=publickey,password,keyboard-interactive -o NumberOfPasswordPrompts=1 runpod-mi300x-michael 'IS_VENV=$(/workspace/venvs/py312-rocm/bin/python -c "import sys; print(1 if sys.prefix != sys.base_prefix else 0)"); if [ "$IS_VENV" = "1" ]; then /workspace/venvs/py312-rocm/bin/python -m pip install -U pip && /workspace/venvs/py312-rocm/bin/python -m pip install -r ~/cross-vendor-mooncake-test/requirements.txt; else /workspace/venvs/py312-rocm/bin/python -m pip --version >/dev/null 2>&1 || (printf %s michael | sudo -S -k apt-get update && printf %s michael | sudo -S -k apt-get install -y python3-pip) && /workspace/venvs/py312-rocm/bin/python -m pip install --user --break-system-packages -U pip && /workspace/venvs/py312-rocm/bin/python -m pip install --user --break-system-packages -r ~/cross-vendor-mooncake-test/requirements.txt; fi && /workspace/venvs/py312-rocm/bin/python -c "import torch" || /workspace/venvs/py312-rocm/bin/python -m pip install --index-url https://download.pytorch.org/whl/rocm6.3 torch==2.9.1+rocm6.3'
timeout_seconds=2400.0
2026-09-07T11:43:11Z END sync_install
duration=23.090
returncode=0
2026-09-07T11:43:11Z START sync_install
host=michael@odyn-radeon2
command=sshpass -e ssh -o IdentitiesOnly=yes -o BatchMode=no -o ConnectTimeout=15 -o ServerAliveInterval=15 -o ServerAliveCountMax=8 -o PreferredAuthentications=publickey,password,keyboard-interactive -o NumberOfPasswordPrompts=1 michael@odyn-radeon2 'IS_VENV=$(/home/michael/torch-env/bin/python -c "import sys; print(1 if sys.prefix != sys.base_prefix else 0)"); if [ "$IS_VENV" = "1" ]; then /home/michael/torch-env/bin/python -m pip install -U pip && /home/michael/torch-env/bin/python -m pip install -r ~/cross-vendor-mooncake-test/requirements.txt; else /home/michael/torch-env/bin/python -m pip --version >/dev/null 2>&1 || (printf %s michael | sudo -S -k apt-get update && printf %s michael | sudo -S -k apt-get install -y python3-pip) && /home/michael/torch-env/bin/python -m pip install --user --break-system-packages -U pip && /home/michael/torch-env/bin/python -m pip install --user --break-system-packages -r ~/cross-vendor-mooncake-test/requirements.txt; fi'
timeout_seconds=2400.0
2026-09-07T11:43:12Z END sync_install
duration=1.109
returncode=0
