[32m2026-09-07 14:29:26 +0100[0m - dagster - [34mDEBUG[0m - finetuning_sequential_job - dec50b61-3f35-4b73-92a5-368bd706b4b1 - 22647 - LOGS_CAPTURED - Capturing logs for process (pid: 22647).
[32m2026-09-07 14:29:26 +0100[0m - dagster - [34mDEBUG[0m - finetuning_sequential_job - dec50b61-3f35-4b73-92a5-368bd706b4b1 - 22647 - preflight_torch_transformers - STEP_START - Started execution of step "preflight_torch_transformers".
[32m2026-09-07 14:29:26 +0100[0m - dagster - [34mDEBUG[0m - finetuning_sequential_job - dec50b61-3f35-4b73-92a5-368bd706b4b1 - preflight_torch_transformers - Loading file from: /Users/michaelsigamani/Documents/DevelopmentCode/2026-spring/cross-oem-mooncake-finetuning/storage/dec50b61-3f35-4b73-92a5-368bd706b4b1/settings_op/result using PickledObjectFilesystemIOManager...
[32m2026-09-07 14:29:26 +0100[0m - dagster - [34mDEBUG[0m - finetuning_sequential_job - dec50b61-3f35-4b73-92a5-368bd706b4b1 - 22647 - preflight_torch_transformers - LOADED_INPUT - Loaded input "settings" using input manager "io_manager", from output "result" of step "settings_op"
[32m2026-09-07 14:29:26 +0100[0m - dagster - [34mDEBUG[0m - finetuning_sequential_job - dec50b61-3f35-4b73-92a5-368bd706b4b1 - 22647 - preflight_torch_transformers - STEP_INPUT - Got input "settings" of type "PortabilitySettings". (Type check passed).
[32m2026-09-07 14:40:58 +0100[0m - dagster - [34mERROR[0m - [31mfinetuning_sequential_job - dec50b61-3f35-4b73-92a5-368bd706b4b1 - 22647 - preflight_torch_transformers - STEP_FAILURE - Execution of step "preflight_torch_transformers" failed.

dagster._core.errors.DagsterExecutionInterruptedError

Stack Trace:
  File "/Users/michaelsigamani/Documents/DevelopmentCode/2026-spring/cross-oem-mooncake-finetuning/.venv/lib/python3.12/site-packages/dagster/_core/execution/plan/execute_plan.py", line 243, in dagster_event_sequence_for_step
    yield from check.generator(step_events)
  File "/Users/michaelsigamani/Documents/DevelopmentCode/2026-spring/cross-oem-mooncake-finetuning/.venv/lib/python3.12/site-packages/dagster/_core/execution/plan/execute_step.py", line 505, in core_dagster_event_sequence_for_step
    for user_event in _step_output_error_checked_user_event_sequence(
                      ^^^^^^^^^^^^^^^^^^^^^^^^^^^^^^^^^^^^^^^^^^^^^^^
  File "/Users/michaelsigamani/Documents/DevelopmentCode/2026-spring/cross-oem-mooncake-finetuning/.venv/lib/python3.12/site-packages/dagster/_core/execution/plan/execute_step.py", line 184, in _step_output_error_checked_user_event_sequence
    for user_event in user_event_sequence:
                      ^^^^^^^^^^^^^^^^^^^
  File "/Users/michaelsigamani/Documents/DevelopmentCode/2026-spring/cross-oem-mooncake-finetuning/.venv/lib/python3.12/site-packages/dagster/_core/execution/plan/execute_step.py", line 88, in _process_asset_results_to_events
    for user_event in user_event_sequence:
                      ^^^^^^^^^^^^^^^^^^^
  File "/Users/michaelsigamani/Documents/DevelopmentCode/2026-spring/cross-oem-mooncake-finetuning/.venv/lib/python3.12/site-packages/dagster/_core/execution/plan/compute.py", line 188, in execute_core_compute
    for step_output in _yield_compute_results(step_context, inputs, compute_fn, compute_context):
                       ^^^^^^^^^^^^^^^^^^^^^^^^^^^^^^^^^^^^^^^^^^^^^^^^^^^^^^^^^^^^^^^^^^^^^^^^^
  File "/Users/michaelsigamani/Documents/DevelopmentCode/2026-spring/cross-oem-mooncake-finetuning/.venv/lib/python3.12/site-packages/dagster/_core/execution/plan/compute.py", line 157, in _yield_compute_results
    for event in iterate_with_context(
                 ^^^^^^^^^^^^^^^^^^^^^
  File "/Users/michaelsigamani/Documents/DevelopmentCode/2026-spring/cross-oem-mooncake-finetuning/.venv/lib/python3.12/site-packages/dagster/_utils/__init__.py", line 394, in iterate_with_context
    next_output = next(iterator)
                  ^^^^^^^^^^^^^^
  File "/Users/michaelsigamani/Documents/DevelopmentCode/2026-spring/cross-oem-mooncake-finetuning/.venv/lib/python3.12/site-packages/dagster/_core/execution/plan/compute_generator.py", line 136, in _coerce_op_compute_fn_to_iterator
    result = invoke_compute_fn(
             ^^^^^^^^^^^^^^^^^^
  File "/Users/michaelsigamani/Documents/DevelopmentCode/2026-spring/cross-oem-mooncake-finetuning/.venv/lib/python3.12/site-packages/dagster/_core/execution/plan/compute_generator.py", line 116, in invoke_compute_fn
    return fn(context, **args_to_pass) if context_arg_provided else fn(**args_to_pass)
           ^^^^^^^^^^^^^^^^^^^^^^^^^^^
  File "/Users/michaelsigamani/Documents/DevelopmentCode/2026-spring/cross-oem-mooncake-finetuning/finetuning_sequential.py", line 2240, in preflight_torch_transformers
    target_arch = run_probe_optional(settings, settings.target_host, architecture_probe_script(), target_arch_verify, f"probe_target_architecture_{settings.target_host}")
                  ^^^^^^^^^^^^^^^^^^^^^^^^^^^^^^^^^^^^^^^^^^^^^^^^^^^^^^^^^^^^^^^^^^^^^^^^^^^^^^^^^^^^^^^^^^^^^^^^^^^^^^^^^^^^^^^^^^^^^^^^^^^^^^^^^^^^^^^^^^^^^^^^^^^^^^^^
  File "/Users/michaelsigamani/Documents/DevelopmentCode/2026-spring/cross-oem-mooncake-finetuning/finetuning_sequential.py", line 1980, in run_probe_optional
    return run_probe(settings, host, script, verify_cmd, 0, operation)
           ^^^^^^^^^^^^^^^^^^^^^^^^^^^^^^^^^^^^^^^^^^^^^^^^^^^^^^^^^^^
  File "/Users/michaelsigamani/Documents/DevelopmentCode/2026-spring/cross-oem-mooncake-finetuning/finetuning_sequential.py", line 1959, in run_probe
    result = run_shell(
             ^^^^^^^^^^
  File "/Users/michaelsigamani/Documents/DevelopmentCode/2026-spring/cross-oem-mooncake-finetuning/finetuning_sequential.py", line 481, in run_shell
    result = subprocess.run(command, check=False, text=True, capture_output=True, env=env, timeout=timeout_seconds)
             ^^^^^^^^^^^^^^^^^^^^^^^^^^^^^^^^^^^^^^^^^^^^^^^^^^^^^^^^^^^^^^^^^^^^^^^^^^^^^^^^^^^^^^^^^^^^^^^^^^^^^^
  File "/Users/michaelsigamani/.local/share/uv/python/cpython-3.12.11-macos-aarch64-none/lib/python3.12/subprocess.py", line 550, in run
    stdout, stderr = process.communicate(input, timeout=timeout)
                     ^^^^^^^^^^^^^^^^^^^^^^^^^^^^^^^^^^^^^^^^^^^
  File "/Users/michaelsigamani/.local/share/uv/python/cpython-3.12.11-macos-aarch64-none/lib/python3.12/subprocess.py", line 1209, in communicate
    stdout, stderr = self._communicate(input, endtime, timeout)
                     ^^^^^^^^^^^^^^^^^^^^^^^^^^^^^^^^^^^^^^^^^^
  File "/Users/michaelsigamani/.local/share/uv/python/cpython-3.12.11-macos-aarch64-none/lib/python3.12/subprocess.py", line 2115, in _communicate
    ready = selector.select(timeout)
            ^^^^^^^^^^^^^^^^^^^^^^^^
  File "/Users/michaelsigamani/.local/share/uv/python/cpython-3.12.11-macos-aarch64-none/lib/python3.12/selectors.py", line 415, in select
    fd_event_list = self._selector.poll(timeout)
                    ^^^^^^^^^^^^^^^^^^^^^^^^^^^^
  File "/Users/michaelsigamani/Documents/DevelopmentCode/2026-spring/cross-oem-mooncake-finetuning/.venv/lib/python3.12/site-packages/dagster/_utils/interrupts.py", line 81, in _new_signal_handler
    raise error_cls()
[0m
